<html>
<body>
<pre>
<h1>礦ision Build Log</h1>
<h2>Tool Versions:</h2>
IDE-Version: μVision V5.14.0.0
Copyright (C) 2015 ARM Ltd and ARM Germany GmbH. All rights reserved.
License Information: FDF Microsoft, Microsoft, LIC=3UUKP-MYWIX-TKAB9-4SYSA-P41UM-RRS9Y
 
Tool Versions:
Toolchain:       MDK-ARM Professional  Version: 5.14.0.0
Toolchain Path:  D:\MDK\ARM\ARMCC\Bin
C Compiler:      Armcc.exe V5.05 update 1 (build 106)
Assembler:       Armasm.exe V5.05 update 1 (build 106)
Linker/Locator:  ArmLink.exe V5.05 update 1 (build 106)
Library Manager: ArmAr.exe V5.05 update 1 (build 106)
Hex Converter:   FromElf.exe V5.05 update 1 (build 106)
CPU DLL:         SARMCM3.DLL V5.14.0.0
Dialog DLL:      DCM.DLL V1.13.1.0
Target DLL:      STLink\ST-LINKIII-KEIL_SWO.dll V2.0.14.0_KEIL
Dialog DLL:      TCM.DLL V1.14.4.0
 
<h2>Project:</h2>
H:\孙成师兄\Project-407-APM\APM-0.0.1\project.uvprojx
Project File Date:  01/09/2019

<h2>Output:</h2>
Build target 'rt-thread_stm32f4xx'
compiling application.c...
applications\motion.h(6): warning:  #1295-D: Deprecated declaration mycontrol_init2 - give arg types
  int mycontrol_init2();
applications\application.c(47): warning:  #177-D: variable "count" was declared but never referenced
  static rt_uint16_t count=0;
applications\application.c(48): warning:  #177-D: variable "count1" was declared but never referenced
  static rt_uint16_t count1=0;
applications\application.c: 3 warnings, 0 errors
compiling startup.c...
compiling pid.c...
compiling motion.c...
applications\motion.h(6): warning:  #1295-D: Deprecated declaration mycontrol_init2 - give arg types
  int mycontrol_init2();
.\sendata.h(4): warning:  #1-D: last line of file ends without a newline
  void my_sendata(u8 *p,u16 len);
applications\motion.c: 2 warnings, 0 errors
compiling board.c...
drivers\board.c(101): warning:  #223-D: function "stm32_hwtimer_init" declared implicitly
        stm32_hwtimer_init();
drivers\board.c: 1 warning, 0 errors
compiling stm32f4xx_it.c...
compiling usart.c...
compiling gpio.c...
compiling stm32f4_rtc.c...
compiling drv_hwtimer.c...
compiling usart4.c...
compiling system_stm32f4xx.c...
compiling misc.c...
compiling stm32f4xx_adc.c...
compiling stm32f4xx_can.c...
compiling stm32f4xx_crc.c...
compiling stm32f4xx_cryp.c...
compiling stm32f4xx_cryp_aes.c...
compiling stm32f4xx_cryp_des.c...
compiling stm32f4xx_cryp_tdes.c...
compiling stm32f4xx_dac.c...
compiling stm32f4xx_dbgmcu.c...
compiling stm32f4xx_dcmi.c...
compiling stm32f4xx_dma.c...
compiling stm32f4xx_exti.c...
compiling stm32f4xx_flash.c...
compiling stm32f4xx_fsmc.c...
compiling stm32f4xx_gpio.c...
compiling stm32f4xx_hash.c...
compiling stm32f4xx_hash_md5.c...
compiling stm32f4xx_hash_sha1.c...
compiling stm32f4xx_i2c.c...
compiling stm32f4xx_iwdg.c...
compiling stm32f4xx_pwr.c...
compiling stm32f4xx_rcc.c...
compiling stm32f4xx_rng.c...
compiling stm32f4xx_rtc.c...
compiling stm32f4xx_sdio.c...
compiling stm32f4xx_spi.c...
compiling stm32f4xx_syscfg.c...
compiling stm32f4xx_tim.c...
compiling stm32f4xx_usart.c...
compiling stm32f4xx_wwdg.c...
compiling can.c...
compiling delay.c...
compiling encode.c...
compiling key.c...
compiling led.c...
compiling pwm.c...
compiling sample_time.c...
compiling sys.c...
compiling AD.c...
compiling bsp_dac8562_F407.c...
compiling sendata.c...
applications\motion.h(6): warning:  #1295-D: Deprecated declaration mycontrol_init2 - give arg types
  int mycontrol_init2();
sendata.c: 1 warning, 0 errors
linking...
Program Size: Code=91648 RO-data=6996 RW-data=604 ZI-data=7636  
After Build - User command #1: fromelf --bin .\build\rtthread-stm32f4xx.axf --output rtthread.bin
".\build\rtthread-stm32f4xx.axf" - 0 Error(s), 7 Warning(s).

<h2>Collection of Component include folders:</h2>
  H:\孙成师兄\Project-407-APM\APM-0.0.1\RTE
  D:\MDK\ARM\PACK\Keil\STM32F4xx_DFP\2.13.0

<h2>Collection of Component Files used:</h2>
</pre>
</body>
</html>
