Component: ARM Compiler 5.05 update 1 (build 106) Tool: armlink [4d0efa]

==============================================================================

Section Cross References

    application.o(.text) refers to encode.o(.text) for encode_Init
    application.o(.text) refers to can.o(.text) for CAN1_Configuration
    application.o(.text) refers to delay.o(.text) for _delay_ms
    application.o(.text) refers to bsp_dac8562_f407.o(.text) for bsp_InitDAC8562
    application.o(.text) refers to scheduler.o(.text) for rt_enter_critical
    application.o(.text) refers to motion.o(.text) for mycontrol_init2
    cpuusage.o(.text) refers to scheduler.o(.text) for rt_enter_critical
    cpuusage.o(.text) refers to clock.o(.text) for rt_tick_get
    cpuusage.o(.text) refers to kservice.o(.text) for rt_sprintf
    cpuusage.o(.text) refers to idle.o(.text) for rt_thread_idle_sethook
    cpuusage.o(.text) refers to cpuusage.o(.data) for total_count
    cpuusage.o(FSymTab) refers to cpuusage.o(.rodata.name) for __fsym_cpu_usage_get_name
    cpuusage.o(FSymTab) refers to cpuusage.o(.text) for cpu_usage_get
    startup.o(.text) refers to kservice.o(.text) for rt_kprintf
    startup.o(.text) refers to board.o(.text) for rt_hw_board_init
    startup.o(.text) refers to clock.o(.text) for rt_system_tick_init
    startup.o(.text) refers to object.o(.text) for rt_system_object_init
    startup.o(.text) refers to timer.o(.text) for rt_system_timer_init
    startup.o(.text) refers to mem.o(.text) for rt_system_heap_init
    startup.o(.text) refers to scheduler.o(.text) for rt_system_scheduler_init
    startup.o(.text) refers to application.o(.text) for rt_application_init
    startup.o(.text) refers to shell.o(.text) for finsh_system_init
    startup.o(.text) refers to idle.o(.text) for rt_thread_idle_init
    startup.o(.text) refers to context_rvds.o(.text) for rt_hw_interrupt_disable
    pid.o(.text) refers to dflt_clz.o(x$fpl$dflt) for __aeabi_i2d
    pid.o(.text) refers to f2d.o(x$fpl$f2d) for __aeabi_f2d
    pid.o(.text) refers to fabs.o(i.__hardfp_fabs) for __hardfp_fabs
    pid.o(.text) refers to drleqf.o(x$fpl$drleqf) for __aeabi_cdrcmple
    pid.o(.text) refers to daddsub_clz.o(x$fpl$dsub) for __aeabi_dsub
    pid.o(.text) refers to d2f.o(x$fpl$d2f) for __aeabi_d2f
    pid.o(.text) refers to encode.o(.data) for Parameter
    pid.o(.text) refers to pid.o(.data) for PIDErrADD
    motion.o(.text) refers to clock.o(.text) for rt_tick_get
    motion.o(.text) refers to ipc.o(.text) for rt_mq_send
    motion.o(.text) refers to kservice.o(.text) for rt_kprintf
    motion.o(.text) refers to thread.o(.text) for rt_thread_delay
    motion.o(.text) refers to device.o(.text) for rt_device_find
    motion.o(.text) refers to strtol.o(.text) for strtol
    motion.o(.text) refers to dflt_clz.o(x$fpl$dflt) for __aeabi_i2d
    motion.o(.text) refers to dmul.o(x$fpl$dmul) for __aeabi_dmul
    motion.o(.text) refers to dfixu.o(x$fpl$dfixu) for __aeabi_d2uiz
    motion.o(.text) refers to daddsub_clz.o(x$fpl$dadd) for __aeabi_dadd
    motion.o(.text) refers to fabs.o(i.__hardfp_fabs) for __hardfp_fabs
    motion.o(.text) refers to drleqf.o(x$fpl$drleqf) for __aeabi_cdrcmple
    motion.o(.text) refers to pid.o(.text) for SeqIntPID
    motion.o(.text) refers to bsp_dac8562_f407.o(.text) for DAC8562_SetData
    motion.o(.text) refers to motion.o(.bss) for mq
    motion.o(.text) refers to motion.o(.data) for data_require
    motion.o(FSymTab) refers to motion.o(.rodata.name) for __fsym___cmd_setpid_name
    motion.o(FSymTab) refers to motion.o(.text) for setpid
    board.o(.text) refers to misc.o(.text) for NVIC_SetVectorTable
    board.o(.text) refers to stm32f4xx_rcc.o(.text) for RCC_GetClocksFreq
    board.o(.text) refers to irq.o(.text) for rt_interrupt_enter
    board.o(.text) refers to clock.o(.text) for rt_tick_increase
    board.o(.text) refers to usart.o(.text) for stm32_hw_usart_init
    board.o(.text) refers to gpio.o(.text) for stm32_hw_pin_init
    board.o(.text) refers to stm32f4_rtc.o(.text) for rt_hw_rtc_init
    board.o(.text) refers to drv_hwtimer.o(.text) for stm32_hwtimer_init
    board.o(.text) refers to kservice.o(.text) for rt_console_set_device
    usart.o(.text) refers to kservice.o(.text) for rt_assert_handler
    usart.o(.text) refers to stm32f4xx_usart.o(.text) for USART_Init
    usart.o(.text) refers to irq.o(.text) for rt_interrupt_enter
    usart.o(.text) refers to serial.o(.text) for rt_hw_serial_isr
    usart.o(.text) refers to stm32f4xx_rcc.o(.text) for RCC_AHB1PeriphClockCmd
    usart.o(.text) refers to stm32f4xx_gpio.o(.text) for GPIO_Init
    usart.o(.text) refers to misc.o(.text) for NVIC_Init
    usart.o(.text) refers to usart.o(.constdata) for __FUNCTION__
    usart.o(.text) refers to usart.o(.data) for uart1
    usart.o(.text) refers to usart.o(.bss) for serial1
    usart.o(.constdata) refers to usart.o(.text) for stm32_configure
    gpio.o(.text) refers to stm32f4xx_gpio.o(.text) for GPIO_ResetBits
[...]
    HASH_RNG_IRQHandler                      0x08009f5f   Thumb Code     0  startup_stm32f4xx.o(.text)
    I2C1_ER_IRQHandler                       0x08009f5f   Thumb Code     0  startup_stm32f4xx.o(.text)
    I2C1_EV_IRQHandler                       0x08009f5f   Thumb Code     0  startup_stm32f4xx.o(.text)
    I2C2_ER_IRQHandler                       0x08009f5f   Thumb Code     0  startup_stm32f4xx.o(.text)
    I2C2_EV_IRQHandler                       0x08009f5f   Thumb Code     0  startup_stm32f4xx.o(.text)
    I2C3_ER_IRQHandler                       0x08009f5f   Thumb Code     0  startup_stm32f4xx.o(.text)
    I2C3_EV_IRQHandler                       0x08009f5f   Thumb Code     0  startup_stm32f4xx.o(.text)
    OTG_FS_IRQHandler                        0x08009f5f   Thumb Code     0  startup_stm32f4xx.o(.text)
    OTG_FS_WKUP_IRQHandler                   0x08009f5f   Thumb Code     0  startup_stm32f4xx.o(.text)
    OTG_HS_EP1_IN_IRQHandler                 0x08009f5f   Thumb Code     0  startup_stm32f4xx.o(.text)
    OTG_HS_EP1_OUT_IRQHandler                0x08009f5f   Thumb Code     0  startup_stm32f4xx.o(.text)
    OTG_HS_IRQHandler                        0x08009f5f   Thumb Code     0  startup_stm32f4xx.o(.text)
    OTG_HS_WKUP_IRQHandler                   0x08009f5f   Thumb Code     0  startup_stm32f4xx.o(.text)
    PVD_IRQHandler                           0x08009f5f   Thumb Code     0  startup_stm32f4xx.o(.text)
    RCC_IRQHandler                           0x08009f5f   Thumb Code     0  startup_stm32f4xx.o(.text)
    RTC_Alarm_IRQHandler                     0x08009f5f   Thumb Code     0  startup_stm32f4xx.o(.text)
    RTC_WKUP_IRQHandler                      0x08009f5f   Thumb Code     0  startup_stm32f4xx.o(.text)
    SDIO_IRQHandler                          0x08009f5f   Thumb Code     0  startup_stm32f4xx.o(.text)
    SPI1_IRQHandler                          0x08009f5f   Thumb Code     0  startup_stm32f4xx.o(.text)
    SPI2_IRQHandler                          0x08009f5f   Thumb Code     0  startup_stm32f4xx.o(.text)
    SPI3_IRQHandler                          0x08009f5f   Thumb Code     0  startup_stm32f4xx.o(.text)
    TAMP_STAMP_IRQHandler                    0x08009f5f   Thumb Code     0  startup_stm32f4xx.o(.text)
    TIM1_BRK_TIM9_IRQHandler                 0x08009f5f   Thumb Code     0  startup_stm32f4xx.o(.text)
    TIM1_CC_IRQHandler                       0x08009f5f   Thumb Code     0  startup_stm32f4xx.o(.text)
    TIM1_TRG_COM_TIM11_IRQHandler            0x08009f5f   Thumb Code     0  startup_stm32f4xx.o(.text)
    TIM1_UP_TIM10_IRQHandler                 0x08009f5f   Thumb Code     0  startup_stm32f4xx.o(.text)
    TIM3_IRQHandler                          0x08009f5f   Thumb Code     0  startup_stm32f4xx.o(.text)
    TIM4_IRQHandler                          0x08009f5f   Thumb Code     0  startup_stm32f4xx.o(.text)
    TIM5_IRQHandler                          0x08009f5f   Thumb Code     0  startup_stm32f4xx.o(.text)
    TIM6_DAC_IRQHandler                      0x08009f5f   Thumb Code     0  startup_stm32f4xx.o(.text)
    TIM7_IRQHandler                          0x08009f5f   Thumb Code     0  startup_stm32f4xx.o(.text)
    TIM8_BRK_TIM12_IRQHandler                0x08009f5f   Thumb Code     0  startup_stm32f4xx.o(.text)
    TIM8_CC_IRQHandler                       0x08009f5f   Thumb Code     0  startup_stm32f4xx.o(.text)
    TIM8_TRG_COM_TIM14_IRQHandler            0x08009f5f   Thumb Code     0  startup_stm32f4xx.o(.text)
    TIM8_UP_TIM13_IRQHandler                 0x08009f5f   Thumb Code     0  startup_stm32f4xx.o(.text)
    UART4_IRQHandler                         0x08009f5f   Thumb Code     0  startup_stm32f4xx.o(.text)
    UART5_IRQHandler                         0x08009f5f   Thumb Code     0  startup_stm32f4xx.o(.text)
    USART6_IRQHandler                        0x08009f5f   Thumb Code     0  startup_stm32f4xx.o(.text)
    WWDG_IRQHandler                          0x08009f5f   Thumb Code     0  startup_stm32f4xx.o(.text)
    __user_initial_stackheap                 0x08009f61   Thumb Code     0  startup_stm32f4xx.o(.text)
    rt_system_tick_init                      0x08009f85   Thumb Code     2  clock.o(.text)
    rt_tick_get                              0x08009f87   Thumb Code     6  clock.o(.text)
    rt_tick_set                              0x08009f8d   Thumb Code    22  clock.o(.text)
    rt_tick_increase                         0x08009fa3   Thumb Code    42  clock.o(.text)
    rt_tick_from_millisecond                 0x08009fcd   Thumb Code    20  clock.o(.text)
    rt_device_find                           0x08009fe5   Thumb Code    76  device.o(.text)
    rt_device_register                       0x0800a031   Thumb Code    52  device.o(.text)
    rt_device_unregister                     0x0800a065   Thumb Code    26  device.o(.text)
    rt_device_init_all                       0x0800a07f   Thumb Code     4  device.o(.text)
    rt_device_init                           0x0800a083   Thumb Code    64  device.o(.text)
    rt_device_open                           0x0800a0c3   Thumb Code   136  device.o(.text)
    rt_device_close                          0x0800a14b   Thumb Code    68  device.o(.text)
    rt_device_read                           0x0800a18f   Thumb Code    76  device.o(.text)
    rt_device_write                          0x0800a1db   Thumb Code    76  device.o(.text)
    rt_device_control                        0x0800a227   Thumb Code    42  device.o(.text)
    rt_device_set_rx_indicate                0x0800a251   Thumb Code    26  device.o(.text)
    rt_device_set_tx_complete                0x0800a26b   Thumb Code    26  device.o(.text)
    rt_thread_idle_sethook                   0x0800a309   Thumb Code     6  idle.o(.text)
    rt_thread_idle_excute                    0x0800a30f   Thumb Code   154  idle.o(.text)
    rt_thread_idle_init                      0x0800a3bd   Thumb Code    38  idle.o(.text)
    rt_sem_init                              0x0800a4e9   Thumb Code    50  ipc.o(.text)
    rt_sem_detach                            0x0800a51b   Thumb Code    34  ipc.o(.text)
    rt_sem_create                            0x0800a53d   Thumb Code    84  ipc.o(.text)
    rt_sem_delete                            0x0800a591   Thumb Code    78  ipc.o(.text)
    rt_sem_take                              0x0800a5df   Thumb Code   266  ipc.o(.text)
    rt_sem_trytake                           0x0800a6e9   Thumb Code    14  ipc.o(.text)
    rt_sem_release                           0x0800a6f7   Thumb Code    80  ipc.o(.text)
    rt_sem_control                           0x0800a747   Thumb Code    68  ipc.o(.text)
    rt_mutex_init                            0x0800a78b   Thumb Code    58  ipc.o(.text)
    rt_mutex_detach                          0x0800a7c5   Thumb Code    36  ipc.o(.text)
    rt_mutex_create                          0x0800a7e9   Thumb Code    96  ipc.o(.text)
    rt_mutex_delete                          0x0800a849   Thumb Code    78  ipc.o(.text)
    rt_mutex_take                            0x0800a897   Thumb Code   524  ipc.o(.text)
    rt_mutex_release                         0x0800aaa3   Thumb Code   272  ipc.o(.text)
    rt_mutex_control                         0x0800abb3   Thumb Code     8  ipc.o(.text)
    rt_event_init                            0x0800abbb   Thumb Code    46  ipc.o(.text)
    rt_event_detach                          0x0800abe9   Thumb Code    36  ipc.o(.text)
    rt_event_create                          0x0800ac0d   Thumb Code    88  ipc.o(.text)
    rt_event_delete                          0x0800ac65   Thumb Code    82  ipc.o(.text)
    rt_event_send                            0x0800acb7   Thumb Code   210  ipc.o(.text)
    rt_event_recv                            0x0800ad89   Thumb Code   448  ipc.o(.text)
    rt_event_control                         0x0800af49   Thumb Code    70  ipc.o(.text)
    rt_mb_init                               0x0800af8f   Thumb Code    76  ipc.o(.text)
    rt_mb_detach                             0x0800afdb   Thumb Code    44  ipc.o(.text)
    rt_mb_create                             0x0800b007   Thumb Code   128  ipc.o(.text)
    rt_mb_delete                             0x0800b087   Thumb Code    96  ipc.o(.text)
    rt_mb_send_wait                          0x0800b0e7   Thumb Code   436  ipc.o(.text)
    rt_mb_send                               0x0800b29b   Thumb Code    18  ipc.o(.text)
    rt_mb_recv                               0x0800b2ad   Thumb Code   412  ipc.o(.text)
    rt_mb_control                            0x0800b449   Thumb Code    82  ipc.o(.text)
    rt_mq_init                               0x0800b49b   Thumb Code   118  ipc.o(.text)
    rt_mq_detach                             0x0800b511   Thumb Code    36  ipc.o(.text)
    rt_mq_delete                             0x0800b535   Thumb Code    88  ipc.o(.text)
    rt_mq_create                             0x0800b58d   Thumb Code   174  ipc.o(.text)
    rt_mq_send                               0x0800b63b   Thumb Code   290  ipc.o(.text)
    rt_mq_urgent                             0x0800b75d   Thumb Code   198  ipc.o(.text)
    rt_mq_recv                               0x0800b823   Thumb Code   438  ipc.o(.text)
    rt_mq_control                            0x0800b9d9   Thumb Code    98  ipc.o(.text)
    rt_interrupt_enter                       0x0800ba91   Thumb Code    30  irq.o(.text)
    rt_interrupt_leave                       0x0800baaf   Thumb Code    30  irq.o(.text)
    rt_interrupt_get_nest                    0x0800bacd   Thumb Code     6  irq.o(.text)
    rt_get_errno                             0x0800bad9   Thumb Code    32  kservice.o(.text)
    rt_set_errno                             0x0800baf9   Thumb Code    36  kservice.o(.text)
    _rt_errno                                0x0800bb1d   Thumb Code    30  kservice.o(.text)
    rt_memset                                0x0800bb3b   Thumb Code    72  kservice.o(.text)
    rt_memcpy                                0x0800bb83   Thumb Code   124  kservice.o(.text)
    rt_memmove                               0x0800bbff   Thumb Code    66  kservice.o(.text)
    rt_memcmp                                0x0800bc41   Thumb Code    38  kservice.o(.text)
    rt_strlen                                0x0800bc67   Thumb Code    18  kservice.o(.text)
    rt_strstr                                0x0800bc79   Thumb Code    58  kservice.o(.text)
    rt_strcasecmp                            0x0800bcb3   Thumb Code    48  kservice.o(.text)
    rt_strncpy                               0x0800bce3   Thumb Code    52  kservice.o(.text)
    rt_strncmp                               0x0800bd17   Thumb Code    40  kservice.o(.text)
    rt_strcmp                                0x0800bd3f   Thumb Code    28  kservice.o(.text)
    rt_strdup                                0x0800bd5b   Thumb Code    40  kservice.o(.text)
    rt_hw_console_output                     0x0800bd83   Thumb Code     2  kservice.o(.text)
    rt_vsnprintf                             0x0800bf3b   Thumb Code   800  kservice.o(.text)
    rt_kprintf                               0x0800c25b   Thumb Code    96  kservice.o(.text)
    rt_show_version                          0x0800c2bb   Thumb Code    38  kservice.o(.text)
    rt_snprintf                              0x0800c2e1   Thumb Code    38  kservice.o(.text)
    rt_vsprintf                              0x0800c307   Thumb Code    22  kservice.o(.text)
    rt_sprintf                               0x0800c31d   Thumb Code    34  kservice.o(.text)
    rt_console_get_device                    0x0800c33f   Thumb Code     6  kservice.o(.text)
    rt_console_set_device                    0x0800c345   Thumb Code    48  kservice.o(.text)
    rt_malloc_align                          0x0800c375   Thumb Code    66  kservice.o(.text)
    rt_free_align                            0x0800c3b7   Thumb Code    16  kservice.o(.text)
    __rt_ffs                                 0x0800c3c7   Thumb Code    70  kservice.o(.text)
    rt_assert_set_hook                       0x0800c40d   Thumb Code     6  kservice.o(.text)
    rt_assert_handler                        0x0800c413   Thumb Code    56  kservice.o(.text)
    rt_malloc_sethook                        0x0800c525   Thumb Code     6  mem.o(.text)
    rt_free_sethook                          0x0800c52b   Thumb Code     6  mem.o(.text)
    rt_system_heap_init                      0x0800c5d1   Thumb Code   204  mem.o(.text)
    rt_malloc                                0x0800c69d   Thumb Code   520  mem.o(.text)
    rt_free                                  0x0800c8a5   Thumb Code   602  mem.o(.text)
    rt_realloc                               0x0800caff   Thumb Code   312  mem.o(.text)
    rt_calloc                                0x0800cc37   Thumb Code    84  mem.o(.text)
    rt_memory_info                           0x0800cc8b   Thumb Code    26  mem.o(.text)
    list_mem                                 0x0800cca5   Thumb Code    34  mem.o(.text)
    rt_object_attach_sethook                 0x0800cdb9   Thumb Code     6  object.o(.text)
    rt_object_detach_sethook                 0x0800cdbf   Thumb Code     6  object.o(.text)
    rt_object_trytake_sethook                0x0800cdc5   Thumb Code     6  object.o(.text)
    rt_object_take_sethook                   0x0800cdcb   Thumb Code     6  object.o(.text)
    rt_object_put_sethook                    0x0800cdd1   Thumb Code     6  object.o(.text)
    rt_system_object_init                    0x0800cdd7   Thumb Code     2  object.o(.text)
    rt_object_get_information                0x0800cdd9   Thumb Code    10  object.o(.text)
    rt_object_init                           0x0800cde3   Thumb Code    76  object.o(.text)
    rt_object_detach                         0x0800ce2f   Thumb Code    56  object.o(.text)
    rt_object_allocate                       0x0800ce67   Thumb Code   132  object.o(.text)
    rt_object_delete                         0x0800ceeb   Thumb Code    84  object.o(.text)
    rt_object_is_systemobject                0x0800cf3f   Thumb Code    34  object.o(.text)
    rt_object_find                           0x0800cf61   Thumb Code   126  object.o(.text)
    rt_scheduler_sethook                     0x0800d075   Thumb Code     6  scheduler.o(.text)
    rt_system_scheduler_init                 0x0800d0cd   Thumb Code    56  scheduler.o(.text)
    rt_system_scheduler_start                0x0800d105   Thumb Code    36  scheduler.o(.text)
    rt_schedule                              0x0800d129   Thumb Code   134  scheduler.o(.text)
    rt_schedule_insert_thread                0x0800d1af   Thumb Code    82  scheduler.o(.text)
    rt_schedule_remove_thread                0x0800d201   Thumb Code    94  scheduler.o(.text)
    rt_enter_critical                        0x0800d25f   Thumb Code    28  scheduler.o(.text)
    rt_exit_critical                         0x0800d27b   Thumb Code    54  scheduler.o(.text)
    rt_critical_level                        0x0800d2b1   Thumb Code     8  scheduler.o(.text)
    rt_thread_exit                           0x0800d375   Thumb Code    76  thread.o(.text)
    rt_thread_timeout                        0x0800d3c1   Thumb Code    66  thread.o(.text)
    rt_thread_init                           0x0800d491   Thumb Code    74  thread.o(.text)
    rt_thread_self                           0x0800d4db   Thumb Code     6  thread.o(.text)
    rt_thread_resume                         0x0800d4e1   Thumb Code    78  thread.o(.text)
    rt_thread_startup                        0x0800d52f   Thumb Code    80  thread.o(.text)
    rt_thread_detach                         0x0800d57f   Thumb Code    72  thread.o(.text)
    rt_thread_create                         0x0800d5c7   Thumb Code    80  thread.o(.text)
    rt_thread_delete                         0x0800d617   Thumb Code    64  thread.o(.text)
    rt_thread_yield                          0x0800d657   Thumb Code    88  thread.o(.text)
    rt_thread_suspend                        0x0800d6af   Thumb Code    76  thread.o(.text)
    rt_thread_sleep                          0x0800d6fb   Thumb Code    76  thread.o(.text)
    rt_thread_delay                          0x0800d747   Thumb Code   210  thread.o(.text)
    rt_thread_control                        0x0800d819   Thumb Code   130  thread.o(.text)
    rt_thread_find                           0x0800d89b   Thumb Code    76  thread.o(.text)
    rt_timer_timeout_sethook                 0x0800d8ff   Thumb Code     6  timer.o(.text)
    rt_timer_init                            0x0800d991   Thumb Code    58  timer.o(.text)
    rt_timer_detach                          0x0800d9cb   Thumb Code    44  timer.o(.text)
    rt_timer_create                          0x0800d9f7   Thumb Code    54  timer.o(.text)
    rt_timer_delete                          0x0800da2d   Thumb Code    46  timer.o(.text)
    rt_timer_start                           0x0800da5b   Thumb Code   292  timer.o(.text)
    rt_timer_stop                            0x0800db7f   Thumb Code    80  timer.o(.text)
    rt_timer_control                         0x0800dbcf   Thumb Code    76  timer.o(.text)
    rt_timer_check                           0x0800dc1b   Thumb Code   148  timer.o(.text)
    rt_timer_next_timeout_tick               0x0800dcaf   Thumb Code    10  timer.o(.text)
    rt_system_timer_init                     0x0800dcb9   Thumb Code    24  timer.o(.text)
    rt_system_timer_thread_init              0x0800dcd1   Thumb Code     2  timer.o(.text)
    rt_hw_stack_init                         0x0800dd4d   Thumb Code    74  cpuport.o(.text)
    rt_hw_exception_install                  0x0800dd97   Thumb Code     6  cpuport.o(.text)
    rt_hw_hard_fault_exception               0x0800dd9d   Thumb Code   112  cpuport.o(.text)
    rt_hw_cpu_shutdown                       0x0800de0d   Thumb Code    20  cpuport.o(.text)
    rt_hw_interrupt_disable                  0x0800dedd   Thumb Code     8  context_rvds.o(.text)
    rt_hw_interrupt_enable                   0x0800dee5   Thumb Code     6  context_rvds.o(.text)
    rt_hw_context_switch                     0x0800deeb   Thumb Code    32  context_rvds.o(.text)
    rt_hw_context_switch_interrupt           0x0800deeb   Thumb Code     0  context_rvds.o(.text)
    PendSV_Handler                           0x0800df0b   Thumb Code   108  context_rvds.o(.text)
    rt_hw_context_switch_to                  0x0800df77   Thumb Code    68  context_rvds.o(.text)
    rt_hw_interrupt_thread_switch            0x0800dfbb   Thumb Code     2  context_rvds.o(.text)
    HardFault_Handler                        0x0800dfbd   Thumb Code    20  context_rvds.o(.text)
    rt_device_pin_register                   0x0800e099   Thumb Code    56  pin.o(.text)
    rt_pin_mode                              0x0800e0d1   Thumb Code    38  pin.o(.text)
    rt_pin_write                             0x0800e0f7   Thumb Code    38  pin.o(.text)
    rt_pin_read                              0x0800e11d   Thumb Code    34  pin.o(.text)
    rt_hw_serial_register                    0x0800e53b   Thumb Code   246  serial.o(.text)
    rt_hw_serial_isr                         0x0800e631   Thumb Code   302  serial.o(.text)
    rt_completion_init                       0x0800ea15   Thumb Code    42  completion.o(.text)
    rt_completion_wait                       0x0800ea3f   Thumb Code   198  completion.o(.text)
    rt_completion_done                       0x0800eb05   Thumb Code    76  completion.o(.text)
    rt_data_queue_init                       0x0800ebeb   Thumb Code    78  dataqueue.o(.text)
    rt_data_queue_push                       0x0800ec39   Thumb Code   276  dataqueue.o(.text)
    rt_data_queue_pop                        0x0800ed4d   Thumb Code   340  dataqueue.o(.text)
    rt_data_queue_peak                       0x0800eea1   Thumb Code    94  dataqueue.o(.text)
    rt_data_queue_reset                      0x0800eeff   Thumb Code   106  dataqueue.o(.text)
    rt_device_hwtimer_isr                    0x0800f39b   Thumb Code    78  hwtimer.o(.text)
    rt_device_hwtimer_register               0x0800f3e9   Thumb Code   170  hwtimer.o(.text)
    CAN1_Configuration                       0x0800f4df   Thumb Code   280  can.o(.text)
    CAN1_TX_IRQHandler                       0x0800f5f7   Thumb Code    28  can.o(.text)
    CAN_RoboModule_DRV_Reset                 0x0800f613   Thumb Code   148  can.o(.text)
    CAN_RoboModule_DRV_Mode_Choice           0x0800f6a7   Thumb Code   148  can.o(.text)
    CAN_RoboModule_DRV_OpenLoop_Mode         0x0800f73b   Thumb Code   172  can.o(.text)
    CAN_RoboModule_DRV_Current_Mode          0x0800f7e7   Thumb Code   196  can.o(.text)
    CAN_RoboModule_DRV_Velocity_Mode         0x0800f8ab   Thumb Code   218  can.o(.text)
    CAN_RoboModule_DRV_Position_Mode         0x0800f985   Thumb Code   200  can.o(.text)
    CAN_RoboModule_DRV_Velocity_Position_Mode 0x0800fa4d   Thumb Code   224  can.o(.text)
    CAN_RoboModule_DRV_Current_Velocity_Mode 0x0800fb2d   Thumb Code   176  can.o(.text)
    CAN_RoboModule_DRV_Current_Position_Mode 0x0800fbdd   Thumb Code   180  can.o(.text)
    CAN_RoboModule_DRV_Current_Velocity_Position_Mode 0x0800fc91   Thumb Code   222  can.o(.text)
    CAN_RoboModule_DRV_Config                0x0800fd6f   Thumb Code   154  can.o(.text)
    CAN_RoboModule_DRV_Online_Check          0x0800fe09   Thumb Code   148  can.o(.text)
    CAN1_RX0_IRQHandler                      0x0800fe9d   Thumb Code   508  can.o(.text)
    finsh_get_prompt                         0x080100bd   Thumb Code    38  shell.o(.text)
    finsh_set_device                         0x08010105   Thumb Code   156  shell.o(.text)
    finsh_get_device                         0x080101a1   Thumb Code    28  shell.o(.text)
    finsh_set_echo                           0x080101bd   Thumb Code    30  shell.o(.text)
    finsh_get_echo                           0x080101db   Thumb Code    32  shell.o(.text)
    finsh_run_line                           0x0801022d   Thumb Code   164  shell.o(.text)
    finsh_thread_entry                       0x08010393   Thumb Code  1722  shell.o(.text)
    finsh_system_function_init               0x08010a4d   Thumb Code    10  shell.o(.text)
    finsh_system_var_init                    0x08010a57   Thumb Code    10  shell.o(.text)
    finsh_system_init                        0x08010a61   Thumb Code   122  shell.o(.text)
    hello                                    0x08010b49   Thumb Code    12  cmd.o(.text)
    version                                  0x08010b55   Thumb Code    10  cmd.o(.text)
    list_thread                              0x08010c0b   Thumb Code    10  cmd.o(.text)
    list_sem                                 0x08010ca9   Thumb Code    12  cmd.o(.text)
    list_event                               0x08010d15   Thumb Code    12  cmd.o(.text)
    list_mutex                               0x08010d63   Thumb Code    12  cmd.o(.text)
    list_mailbox                             0x08010de7   Thumb Code    12  cmd.o(.text)
    list_msgqueue                            0x08010e5f   Thumb Code    12  cmd.o(.text)
    list_mempool                             0x08010ed1   Thumb Code    12  cmd.o(.text)
    list_timer                               0x08011315   Thumb Code    10  cmd.o(.text)
    list_device                              0x08011371   Thumb Code    12  cmd.o(.text)
    list                                     0x0801137d   Thumb Code   126  cmd.o(.text)
    list_prefix                              0x0801143d   Thumb Code   434  cmd.o(.text)
    finsh_compiler_run                       0x08012ea7   Thumb Code    88  finsh_compiler.o(.text)
    finsh_error_init                         0x08012f11   Thumb Code     8  finsh_error.o(.text)
    finsh_error_set                          0x08012f19   Thumb Code    10  finsh_error.o(.text)
    finsh_errno                              0x08012f23   Thumb Code     6  finsh_error.o(.text)
    finsh_error_string                       0x08012f29   Thumb Code    10  finsh_error.o(.text)
    finsh_heap_init                          0x08012f3d   Thumb Code    36  finsh_heap.o(.text)
    finsh_heap_free                          0x08013061   Thumb Code    34  finsh_heap.o(.text)
    finsh_heap_allocate                      0x080130d1   Thumb Code   106  finsh_heap.o(.text)
    finsh_init                               0x0801314d   Thumb Code    30  finsh_init.o(.text)
    finsh_stack_bottom                       0x0801316b   Thumb Code     6  finsh_init.o(.text)
    finsh_flush                              0x08013171   Thumb Code    22  finsh_init.o(.text)
    finsh_reset                              0x08013187   Thumb Code    24  finsh_init.o(.text)
    finsh_node_init                          0x080131a5   Thumb Code    16  finsh_node.o(.text)
    finsh_node_allocate                      0x080131b5   Thumb Code    56  finsh_node.o(.text)
    finsh_node_new_id                        0x080131ed   Thumb Code   118  finsh_node.o(.text)
    finsh_node_new_char                      0x08013263   Thumb Code    30  finsh_node.o(.text)
    finsh_node_new_int                       0x08013281   Thumb Code    30  finsh_node.o(.text)
    finsh_node_new_long                      0x0801329f   Thumb Code    30  finsh_node.o(.text)
    finsh_node_new_string                    0x080132bd   Thumb Code    74  finsh_node.o(.text)
    finsh_node_new_ptr                       0x08013307   Thumb Code    30  finsh_node.o(.text)
    OP_no_op                                 0x08013329   Thumb Code     2  finsh_ops.o(.text)
    OP_add_byte                              0x0801332b   Thumb Code    42  finsh_ops.o(.text)
    OP_add_word                              0x08013355   Thumb Code    44  finsh_ops.o(.text)
    OP_add_dword                             0x08013381   Thumb Code    42  finsh_ops.o(.text)
    OP_sub_byte                              0x080133ab   Thumb Code    42  finsh_ops.o(.text)
    OP_sub_word                              0x080133d5   Thumb Code    44  finsh_ops.o(.text)
    OP_sub_dword                             0x08013401   Thumb Code    42  finsh_ops.o(.text)
    OP_div_byte                              0x0801342b   Thumb Code    44  finsh_ops.o(.text)
    OP_div_word                              0x08013457   Thumb Code    46  finsh_ops.o(.text)
    OP_div_dword                             0x08013485   Thumb Code    44  finsh_ops.o(.text)
    OP_mod_byte                              0x080134b1   Thumb Code    48  finsh_ops.o(.text)
    OP_mod_word                              0x080134e1   Thumb Code    48  finsh_ops.o(.text)
    OP_mod_dword                             0x08013511   Thumb Code    48  finsh_ops.o(.text)
    OP_mul_byte                              0x08013541   Thumb Code    44  finsh_ops.o(.text)
    OP_mul_word                              0x0801356d   Thumb Code    46  finsh_ops.o(.text)
    OP_mul_dword                             0x0801359b   Thumb Code    42  finsh_ops.o(.text)
    OP_and_byte                              0x080135c5   Thumb Code    42  finsh_ops.o(.text)
    OP_and_word                              0x080135ef   Thumb Code    42  finsh_ops.o(.text)
    OP_and_dword                             0x08013619   Thumb Code    42  finsh_ops.o(.text)
    OP_or_byte                               0x08013643   Thumb Code    42  finsh_ops.o(.text)
    OP_or_word                               0x0801366d   Thumb Code    42  finsh_ops.o(.text)
    OP_or_dword                              0x08013697   Thumb Code    42  finsh_ops.o(.text)
    OP_xor_byte                              0x080136c1   Thumb Code    42  finsh_ops.o(.text)
    OP_xor_word                              0x080136eb   Thumb Code    46  finsh_ops.o(.text)
    OP_xor_dword                             0x08013719   Thumb Code    42  finsh_ops.o(.text)
    OP_bw_byte                               0x08013743   Thumb Code    20  finsh_ops.o(.text)
    OP_bw_word                               0x08013757   Thumb Code    20  finsh_ops.o(.text)
    OP_bw_dword                              0x0801376b   Thumb Code    20  finsh_ops.o(.text)
    OP_shl_byte                              0x0801377f   Thumb Code    42  finsh_ops.o(.text)
    OP_shl_word                              0x080137a9   Thumb Code    44  finsh_ops.o(.text)
    OP_shl_dword                             0x080137d5   Thumb Code    42  finsh_ops.o(.text)
    OP_shr_byte                              0x080137ff   Thumb Code    42  finsh_ops.o(.text)
    OP_shr_word                              0x08013829   Thumb Code    42  finsh_ops.o(.text)
    OP_shr_dword                             0x08013853   Thumb Code    42  finsh_ops.o(.text)
    OP_ld_byte                               0x0801387d   Thumb Code    34  finsh_ops.o(.text)
    OP_ld_word                               0x0801389f   Thumb Code    46  finsh_ops.o(.text)
    OP_ld_dword                              0x080138cd   Thumb Code    64  finsh_ops.o(.text)
    OP_ld_value_byte                         0x0801390d   Thumb Code    66  finsh_ops.o(.text)
    OP_ld_value_byte_stack                   0x0801394f   Thumb Code    20  finsh_ops.o(.text)
    OP_ld_value_word                         0x08013963   Thumb Code    66  finsh_ops.o(.text)
    OP_ld_value_word_stack                   0x080139a5   Thumb Code    20  finsh_ops.o(.text)
    OP_ld_value_dword                        0x080139b9   Thumb Code    66  finsh_ops.o(.text)
    OP_ld_value_dword_stack                  0x080139fb   Thumb Code    20  finsh_ops.o(.text)
    OP_st_byte                               0x08013a0f   Thumb Code    30  finsh_ops.o(.text)
    OP_st_word                               0x08013a2d   Thumb Code    30  finsh_ops.o(.text)
    OP_st_dword                              0x08013a4b   Thumb Code    30  finsh_ops.o(.text)
    OP_pop                                   0x08013a69   Thumb Code    12  finsh_ops.o(.text)
    OP_call                                  0x08013a75   Thumb Code   906  finsh_ops.o(.text)
    finsh_parser_run                         0x08014695   Thumb Code   220  finsh_parser.o(.text)
    finsh_parser_init                        0x08014771   Thumb Code    16  finsh_parser.o(.text)
    finsh_var_init                           0x08014781   Thumb Code    14  finsh_var.o(.text)
    finsh_var_insert                         0x0801478f   Thumb Code   114  finsh_var.o(.text)
    finsh_var_delete                         0x08014801   Thumb Code    68  finsh_var.o(.text)
    finsh_var_lookup                         0x08014845   Thumb Code    58  finsh_var.o(.text)
    finsh_sysvar_append                      0x0801487f   Thumb Code    62  finsh_var.o(.text)
    finsh_sysvar_lookup                      0x080148bd   Thumb Code    78  finsh_var.o(.text)
    finsh_vm_run                             0x0801491d   Thumb Code    62  finsh_vm.o(.text)
    finsh_syscall_append                     0x0801495b   Thumb Code    54  finsh_vm.o(.text)
    finsh_syscall_lookup                     0x08014991   Thumb Code    78  finsh_vm.o(.text)
    finsh_token_init                         0x08014a01   Thumb Code    20  finsh_token.o(.text)
    token_get_string                         0x08014e19   Thumb Code   120  finsh_token.o(.text)
    finsh_token_token                        0x08015051   Thumb Code    24  finsh_token.o(.text)
    finsh_token_get_token                    0x08015069   Thumb Code    20  finsh_token.o(.text)
    msh_is_used                              0x08015081   Thumb Code     6  msh.o(.text)
    msh_help                                 0x0801509b   Thumb Code    66  msh.o(.text)
    msh_exec                                 0x0801524b   Thumb Code    82  msh.o(.text)
    msh_auto_complete                        0x080152bd   Thumb Code   138  msh.o(.text)
    cmd_ps                                   0x080153b1   Thumb Code    14  msh_cmd.o(.text)
    cmd_time                                 0x080153bf   Thumb Code     6  msh_cmd.o(.text)
    cmd_free                                 0x080153c5   Thumb Code    14  msh_cmd.o(.text)
    rt_hw_us_delay                           0x080153d3   Thumb Code    38  delay.o(.text)
    _delay_us                                0x080153f9   Thumb Code    30  delay.o(.text)
    _delay_ms                                0x08015417   Thumb Code    32  delay.o(.text)
    encode_Init                              0x08015585   Thumb Code    12  encode.o(.text)
    rt_hw_led_init                           0x080155a5   Thumb Code    56  led.o(.text)
    rt_hw_led_on                             0x080155dd   Thumb Code    38  led.o(.text)
    rt_hw_led_off                            0x08015603   Thumb Code    38  led.o(.text)
    led                                      0x08015629   Thumb Code    86  led.o(.text)
    DAC8562_WriteCmd                         0x08015689   Thumb Code    62  bsp_dac8562_f407.o(.text)
    DAC8562_SetData                          0x080156c7   Thumb Code    32  bsp_dac8562_f407.o(.text)
    bsp_InitDAC8562                          0x080156e7   Thumb Code   122  bsp_dac8562_f407.o(.text)
    atoi                                     0x08015775   Thumb Code    26  atoi.o(.text)
    strtol                                   0x0801578f   Thumb Code   112  strtol.o(.text)
    strcpy                                   0x080157ff   Thumb Code    72  strcpy.o(.text)
    strlen                                   0x08015847   Thumb Code    62  strlen.o(.text)
    strncmp                                  0x08015885   Thumb Code   150  strncmp.o(.text)
    strcat                                   0x0801591b   Thumb Code    24  strcat.o(.text)
    __aeabi_memcpy                           0x08015933   Thumb Code     0  rt_memcpy_v6.o(.text)
    __rt_memcpy                              0x08015933   Thumb Code   138  rt_memcpy_v6.o(.text)
    _memcpy_lastbytes                        0x08015999   Thumb Code     0  rt_memcpy_v6.o(.text)
    __aeabi_memcpy4                          0x080159bd   Thumb Code     0  rt_memcpy_w.o(.text)
    __aeabi_memcpy8                          0x080159bd   Thumb Code     0  rt_memcpy_w.o(.text)
    __rt_memcpy_w                            0x080159bd   Thumb Code   100  rt_memcpy_w.o(.text)
    _memcpy_lastbytes_aligned                0x08015a05   Thumb Code     0  rt_memcpy_w.o(.text)
    __aeabi_memclr                           0x08015a21   Thumb Code     0  rt_memclr.o(.text)
    __rt_memclr                              0x08015a21   Thumb Code    68  rt_memclr.o(.text)
    _memset                                  0x08015a25   Thumb Code     0  rt_memclr.o(.text)
    __aeabi_memclr4                          0x08015a65   Thumb Code     0  rt_memclr_w.o(.text)
    __aeabi_memclr8                          0x08015a65   Thumb Code     0  rt_memclr_w.o(.text)
    __rt_memclr_w                            0x08015a65   Thumb Code    78  rt_memclr_w.o(.text)
    _memset_w                                0x08015a69   Thumb Code     0  rt_memclr_w.o(.text)
    strncpy                                  0x08015ab3   Thumb Code    86  strncpy.o(.text)
    strcmp                                   0x08015b09   Thumb Code   128  strcmpv7m.o(.text)
    localtime                                0x08015b89   Thumb Code     6  localtime.o(.text)
    mktime                                   0x08015bd3   Thumb Code   352  mktime.o(.text)
    __use_two_region_memory                  0x08015d3d   Thumb Code     2  heapauxi.o(.text)
    __rt_heap_escrow$2region                 0x08015d3f   Thumb Code     2  heapauxi.o(.text)
    __rt_heap_expand$2region                 0x08015d41   Thumb Code     2  heapauxi.o(.text)
    __rt_ctype_table                         0x08015d45   Thumb Code    16  rt_ctype_table.o(.text)
    __aeabi_errno_addr                       0x08015d55   Thumb Code     8  rt_errno_addr_intlibspace.o(.text)
    __errno$intlibspace                      0x08015d55   Thumb Code     0  rt_errno_addr_intlibspace.o(.text)
    __rt_errno_addr$intlibspace              0x08015d55   Thumb Code     0  rt_errno_addr_intlibspace.o(.text)
    _strtoul                                 0x08015d5d   Thumb Code   158  _strtoul.o(.text)
    _localtime_r                             0x08015dfd   Thumb Code   178  localtime_internal.o(.text)
    _n$localtime_r                           0x08015dfd   Thumb Code     0  localtime_internal.o(.text)
    __user_libspace                          0x08015eb5   Thumb Code     8  libspace.o(.text)
    __user_perproc_libspace                  0x08015eb5   Thumb Code     0  libspace.o(.text)
    __user_perthread_libspace                0x08015eb5   Thumb Code     0  libspace.o(.text)
    __rt_locale                              0x08015ebd   Thumb Code     8  rt_locale_intlibspace.o(.text)
    _chval                                   0x08015ec5   Thumb Code    28  _chval.o(.text)
    __user_setup_stackheap                   0x08015ee1   Thumb Code    74  sys_stackheap_outer.o(.text)
    exit                                     0x08015f2b   Thumb Code    12  exit.o(.text)
    _sys_exit                                0x08015f39   Thumb Code     8  sys_exit.o(.text)
    __I$use$semihosting                      0x08015f45   Thumb Code     0  use_no_semi.o(.text)
    __use_no_semihosting_swi                 0x08015f45   Thumb Code     2  use_no_semi.o(.text)
    __hardfp_fabs                            0x08015f47   Thumb Code    20  fabs.o(i.__hardfp_fabs)
    __semihosting_library_function           0x08015f47   Thumb Code     0  indicate_semi.o(.text)
    _get_lc_ctype                            0x08015f5d   Thumb Code    44  lc_ctype_c.o(locale$$code)
    __aeabi_d2f                              0x08015f89   Thumb Code     0  d2f.o(x$fpl$d2f)
    _d2f                                     0x08015f89   Thumb Code    98  d2f.o(x$fpl$d2f)
    __aeabi_dadd                             0x08015fed   Thumb Code     0  daddsub_clz.o(x$fpl$dadd)
    _dadd                                    0x08015fed   Thumb Code   332  daddsub_clz.o(x$fpl$dadd)
    __fpl_dcmp_Inf                           0x0801613d   Thumb Code    24  dcmpi.o(x$fpl$dcmpinf)
    __aeabi_d2uiz                            0x08016155   Thumb Code     0  dfixu.o(x$fpl$dfixu)
    _dfixu                                   0x08016155   Thumb Code    90  dfixu.o(x$fpl$dfixu)
    __aeabi_i2d                              0x080161af   Thumb Code     0  dflt_clz.o(x$fpl$dflt)
    _dflt                                    0x080161af   Thumb Code    46  dflt_clz.o(x$fpl$dflt)
    __aeabi_cdcmple                          0x080161dd   Thumb Code     0  dleqf.o(x$fpl$dleqf)
    _dcmple                                  0x080161dd   Thumb Code   120  dleqf.o(x$fpl$dleqf)
    __fpl_dcmple_InfNaN                      0x0801623f   Thumb Code     0  dleqf.o(x$fpl$dleqf)
    __aeabi_dmul                             0x08016255   Thumb Code     0  dmul.o(x$fpl$dmul)
    _dmul                                    0x08016255   Thumb Code   332  dmul.o(x$fpl$dmul)
    __fpl_dnaninf                            0x080163a9   Thumb Code   156  dnaninf.o(x$fpl$dnaninf)
    __fpl_dretinf                            0x08016445   Thumb Code    12  dretinf.o(x$fpl$dretinf)
    __aeabi_cdrcmple                         0x08016451   Thumb Code     0  drleqf.o(x$fpl$drleqf)
    _drcmple                                 0x08016451   Thumb Code   108  drleqf.o(x$fpl$drleqf)
    __aeabi_dsub                             0x080164bd   Thumb Code     0  daddsub_clz.o(x$fpl$dsub)
    _dsub                                    0x080164bd   Thumb Code   464  daddsub_clz.o(x$fpl$dsub)
    __aeabi_f2d                              0x08016691   Thumb Code     0  f2d.o(x$fpl$f2d)
    _f2d                                     0x08016691   Thumb Code    86  f2d.o(x$fpl$f2d)
    __fpl_fnaninf                            0x080166e7   Thumb Code   140  fnaninf.o(x$fpl$fnaninf)
    _fp_init                                 0x08016773   Thumb Code    10  fpinit.o(x$fpl$fpinit)
    __fplib_config_fpu_vfp                   0x0801677b   Thumb Code     0  fpinit.o(x$fpl$fpinit)
    __fplib_config_pureend_doubles           0x0801677b   Thumb Code     0  fpinit.o(x$fpl$fpinit)
    __fpl_fretinf                            0x0801677d   Thumb Code    10  fretinf.o(x$fpl$fretinf)
    __I$use$fp                               0x08016786   Number         0  usenofp.o(x$fpl$usenofp)
    __lowest_bit_bitmap                      0x08016e0d   Data         256  kservice.o(.constdata)
    op_table                                 0x080173bc   Data         196  finsh_ops.o(.constdata)
    _monlen                                  0x080174ce   Data          12  _monlen.o(.constdata)
    __fsym_cpu_usage_get_name                0x080178ae   Data          14  cpuusage.o(.rodata.name)
    __fsym_cpu_usage_get_desc                0x080178bc   Data          33  cpuusage.o(.rodata.name)
    __fsym___cmd_setpid_name                 0x080178dd   Data          13  motion.o(.rodata.name)
    __fsym___cmd_setpid_desc                 0x080178ea   Data           7  motion.o(.rodata.name)
    __fsym___cmd_setzero_name                0x080178f1   Data          14  motion.o(.rodata.name)
    __fsym___cmd_setzero_desc                0x080178ff   Data           8  motion.o(.rodata.name)
    __fsym___cmd_setposition_name            0x08017907   Data          18  motion.o(.rodata.name)
    __fsym___cmd_setposition_desc            0x08017919   Data          12  motion.o(.rodata.name)
    __fsym___cmd_auto_measure_name           0x08017925   Data          19  motion.o(.rodata.name)
    __fsym___cmd_auto_measure_desc           0x08017938   Data          13  motion.o(.rodata.name)
    __fsym_show_time_name                    0x08017945   Data          10  stm32f4_rtc.o(.rodata.name)
    __fsym_show_time_desc                    0x0801794f   Data          19  stm32f4_rtc.o(.rodata.name)
    __fsym_list_mem_name                     0x08017962   Data           9  mem.o(.rodata.name)
    __fsym_list_mem_desc                     0x0801796b   Data          30  mem.o(.rodata.name)
    __fsym_pinMode_name                      0x08017989   Data           8  pin.o(.rodata.name)
    __fsym_pinMode_desc                      0x08017991   Data          22  pin.o(.rodata.name)
    __fsym_pinWrite_name                     0x080179a7   Data           9  pin.o(.rodata.name)
    __fsym_pinWrite_desc                     0x080179b0   Data          28  pin.o(.rodata.name)
    __fsym_pinRead_name                      0x080179cc   Data           8  pin.o(.rodata.name)
    __fsym_pinRead_desc                      0x080179d4   Data          30  pin.o(.rodata.name)
    __fsym_hello_name                        0x080179f2   Data           6  cmd.o(.rodata.name)
    __fsym_hello_desc                        0x080179f8   Data          16  cmd.o(.rodata.name)
    __fsym_version_name                      0x08017a08   Data           8  cmd.o(.rodata.name)
    __fsym_version_desc                      0x08017a10   Data          35  cmd.o(.rodata.name)
    __fsym___cmd_version_name                0x08017a33   Data          14  cmd.o(.rodata.name)
    __fsym___cmd_version_desc                0x08017a41   Data          35  cmd.o(.rodata.name)
    __fsym_list_thread_name                  0x08017a64   Data          12  cmd.o(.rodata.name)
    __fsym_list_thread_desc                  0x08017a70   Data          12  cmd.o(.rodata.name)
    __fsym___cmd_list_thread_name            0x08017a7c   Data          18  cmd.o(.rodata.name)
    __fsym___cmd_list_thread_desc            0x08017a8e   Data          12  cmd.o(.rodata.name)
    __fsym_list_sem_name                     0x08017a9a   Data           9  cmd.o(.rodata.name)
    __fsym_list_sem_desc                     0x08017aa3   Data          25  cmd.o(.rodata.name)
    __fsym___cmd_list_sem_name               0x08017abc   Data          15  cmd.o(.rodata.name)
    __fsym___cmd_list_sem_desc               0x08017acb   Data          25  cmd.o(.rodata.name)
    __fsym_list_event_name                   0x08017ae4   Data          11  cmd.o(.rodata.name)
    __fsym_list_event_desc                   0x08017aef   Data          21  cmd.o(.rodata.name)
    __fsym___cmd_list_event_name             0x08017b04   Data          17  cmd.o(.rodata.name)
    __fsym___cmd_list_event_desc             0x08017b15   Data          21  cmd.o(.rodata.name)
    __fsym_list_mutex_name                   0x08017b2a   Data          11  cmd.o(.rodata.name)
    __fsym_list_mutex_desc                   0x08017b35   Data          21  cmd.o(.rodata.name)
    __fsym___cmd_list_mutex_name             0x08017b4a   Data          17  cmd.o(.rodata.name)
    __fsym___cmd_list_mutex_desc             0x08017b5b   Data          21  cmd.o(.rodata.name)
    __fsym_list_mailbox_name                 0x08017b70   Data          13  cmd.o(.rodata.name)
    __fsym_list_mailbox_desc                 0x08017b7d   Data          24  cmd.o(.rodata.name)
    __fsym___cmd_list_mailbox_name           0x08017b95   Data          19  cmd.o(.rodata.name)
    __fsym___cmd_list_mailbox_desc           0x08017ba8   Data          24  cmd.o(.rodata.name)
    __fsym_list_msgqueue_name                0x08017bc0   Data          14  cmd.o(.rodata.name)
    __fsym_list_msgqueue_desc                0x08017bce   Data          29  cmd.o(.rodata.name)
    __fsym___cmd_list_msgqueue_name          0x08017beb   Data          20  cmd.o(.rodata.name)
    __fsym___cmd_list_msgqueue_desc          0x08017bff   Data          29  cmd.o(.rodata.name)
    __fsym_list_mempool_name                 0x08017c1c   Data          13  cmd.o(.rodata.name)
    __fsym_list_mempool_desc                 0x08017c29   Data          27  cmd.o(.rodata.name)
    __fsym___cmd_list_mempool_name           0x08017c44   Data          19  cmd.o(.rodata.name)
    __fsym___cmd_list_mempool_desc           0x08017c57   Data          27  cmd.o(.rodata.name)
    __fsym_list_timer_name                   0x08017c72   Data          11  cmd.o(.rodata.name)
    __fsym_list_timer_desc                   0x08017c7d   Data          21  cmd.o(.rodata.name)
    __fsym___cmd_list_timer_name             0x08017c92   Data          17  cmd.o(.rodata.name)
    __fsym___cmd_list_timer_desc             0x08017ca3   Data          21  cmd.o(.rodata.name)
    __fsym_list_device_name                  0x08017cb8   Data          12  cmd.o(.rodata.name)
    __fsym_list_device_desc                  0x08017cc4   Data          22  cmd.o(.rodata.name)
    __fsym___cmd_list_device_name            0x08017cda   Data          18  cmd.o(.rodata.name)
    __fsym___cmd_list_device_desc            0x08017cec   Data          22  cmd.o(.rodata.name)
    __fsym_list_name                         0x08017d02   Data           5  cmd.o(.rodata.name)
    __fsym_list_desc                         0x08017d07   Data          26  cmd.o(.rodata.name)
    __vsym_dummy_name                        0x08017d21   Data           6  cmd.o(.rodata.name)
    __vsym_dummy_desc                        0x08017d27   Data          25  cmd.o(.rodata.name)
    __fsym___cmd_exit_name                   0x08017d40   Data          11  msh.o(.rodata.name)
    __fsym___cmd_exit_desc                   0x08017d4b   Data          32  msh.o(.rodata.name)
    __fsym_msh_name                          0x08017d6b   Data           4  msh.o(.rodata.name)
    __fsym_msh_desc                          0x08017d6f   Data          17  msh.o(.rodata.name)
    __fsym___cmd_help_name                   0x08017d80   Data          11  msh.o(.rodata.name)
    __fsym___cmd_help_desc                   0x08017d8b   Data          22  msh.o(.rodata.name)
    __fsym___cmd_ps_name                     0x08017da1   Data           9  msh_cmd.o(.rodata.name)
    __fsym___cmd_ps_desc                     0x08017daa   Data          28  msh_cmd.o(.rodata.name)
    __fsym___cmd_time_name                   0x08017dc6   Data          11  msh_cmd.o(.rodata.name)
    __fsym___cmd_time_desc                   0x08017dd1   Data          27  msh_cmd.o(.rodata.name)
    __fsym___cmd_free_name                   0x08017dec   Data          11  msh_cmd.o(.rodata.name)
    __fsym___cmd_free_desc                   0x08017df7   Data          37  msh_cmd.o(.rodata.name)
    __fsym_led_name                          0x08017e1c   Data           4  led.o(.rodata.name)
    __fsym_led_desc                          0x08017e20   Data          32  led.o(.rodata.name)
    FSymTab$$Base                            0x08017e40   Number         0  cpuusage.o(FSymTab)
    __fsym_cpu_usage_get                     0x08017e40   Data          12  cpuusage.o(FSymTab)
    __fsym___cmd_setpid                      0x08017e4c   Data          12  motion.o(FSymTab)
    __fsym___cmd_setzero                     0x08017e58   Data          12  motion.o(FSymTab)
    __fsym___cmd_setposition                 0x08017e64   Data          12  motion.o(FSymTab)
    __fsym___cmd_auto_measure                0x08017e70   Data          12  motion.o(FSymTab)
    __fsym_show_time                         0x08017e7c   Data          12  stm32f4_rtc.o(FSymTab)
    __fsym_list_mem                          0x08017e88   Data          12  mem.o(FSymTab)
    __fsym_pinMode                           0x08017e94   Data          12  pin.o(FSymTab)
    __fsym_pinWrite                          0x08017ea0   Data          12  pin.o(FSymTab)
    __fsym_pinRead                           0x08017eac   Data          12  pin.o(FSymTab)
    __fsym_hello                             0x08017eb8   Data          12  cmd.o(FSymTab)
    __fsym_version                           0x08017ec4   Data          12  cmd.o(FSymTab)
    __fsym___cmd_version                     0x08017ed0   Data          12  cmd.o(FSymTab)
    __fsym_list_thread                       0x08017edc   Data          12  cmd.o(FSymTab)
    __fsym___cmd_list_thread                 0x08017ee8   Data          12  cmd.o(FSymTab)
    __fsym_list_sem                          0x08017ef4   Data          12  cmd.o(FSymTab)
    __fsym___cmd_list_sem                    0x08017f00   Data          12  cmd.o(FSymTab)
    __fsym_list_event                        0x08017f0c   Data          12  cmd.o(FSymTab)
    __fsym___cmd_list_event                  0x08017f18   Data          12  cmd.o(FSymTab)
    __fsym_list_mutex                        0x08017f24   Data          12  cmd.o(FSymTab)
    __fsym___cmd_list_mutex                  0x08017f30   Data          12  cmd.o(FSymTab)
    __fsym_list_mailbox                      0x08017f3c   Data          12  cmd.o(FSymTab)
    __fsym___cmd_list_mailbox                0x08017f48   Data          12  cmd.o(FSymTab)
    __fsym_list_msgqueue                     0x08017f54   Data          12  cmd.o(FSymTab)
    __fsym___cmd_list_msgqueue               0x08017f60   Data          12  cmd.o(FSymTab)
    __fsym_list_mempool                      0x08017f6c   Data          12  cmd.o(FSymTab)
    __fsym___cmd_list_mempool                0x08017f78   Data          12  cmd.o(FSymTab)
    __fsym_list_timer                        0x08017f84   Data          12  cmd.o(FSymTab)
    __fsym___cmd_list_timer                  0x08017f90   Data          12  cmd.o(FSymTab)
    __fsym_list_device                       0x08017f9c   Data          12  cmd.o(FSymTab)
    __fsym___cmd_list_device                 0x08017fa8   Data          12  cmd.o(FSymTab)
    __fsym_list                              0x08017fb4   Data          12  cmd.o(FSymTab)
    __fsym___cmd_exit                        0x08017fc0   Data          12  msh.o(FSymTab)
    __fsym_msh                               0x08017fcc   Data          12  msh.o(FSymTab)
    __fsym___cmd_help                        0x08017fd8   Data          12  msh.o(FSymTab)
    __fsym___cmd_ps                          0x08017fe4   Data          12  msh_cmd.o(FSymTab)
    __fsym___cmd_time                        0x08017ff0   Data          12  msh_cmd.o(FSymTab)
    __fsym___cmd_free                        0x08017ffc   Data          12  msh_cmd.o(FSymTab)
    __fsym_led                               0x08018008   Data          12  led.o(FSymTab)
    FSymTab$$Limit                           0x08018014   Number         0  led.o(FSymTab)
    Region$$Table$$Base                      0x08018014   Number         0  anon$$obj.o(Region$$Table)
    Region$$Table$$Limit                     0x08018034   Number         0  anon$$obj.o(Region$$Table)
    VSymTab$$Base                            0x08018034   Number         0  cmd.o(VSymTab)
    __vsym_dummy                             0x08018034   Data          16  cmd.o(VSymTab)
    VSymTab$$Limit                           0x08018044   Number         0  cmd.o(VSymTab)
    __ctype                                  0x08018051   Data           0  lc_ctype_c.o(locale$$data)
    ResultValue                              0x20000008   Data           4  pid.o(.data)
    ResultValueBack                          0x2000000c   Data           4  pid.o(.data)
    ResultValueBackOne                       0x20000010   Data           4  pid.o(.data)
    ResultValueBackTwo                       0x20000014   Data           4  pid.o(.data)
    GiveValueBack                            0x20000018   Data           4  pid.o(.data)
    ResultValuess                            0x2000001c   Data           4  pid.o(.data)
    PIDErrADD                                0x20000020   Data           4  pid.o(.data)
    ErrBack                                  0x20000024   Data           4  pid.o(.data)
    SeqIntPIDErrADD                          0x20000028   Data           4  pid.o(.data)
    SeqIntErrBack                            0x2000002c   Data           4  pid.o(.data)
    OverIntPIDErrADD                         0x20000030   Data           4  pid.o(.data)
    OverIntResultBack                        0x20000034   Data           4  pid.o(.data)
    OverIntErrBack                           0x20000038   Data           4  pid.o(.data)
    SeqIntPIDErrADD1                         0x2000003c   Data           4  pid.o(.data)
    SeqIntErrBack1                           0x20000040   Data           4  pid.o(.data)
    kp                                       0x2000004c   Data           4  motion.o(.data)
    ki                                       0x20000050   Data           4  motion.o(.data)
    kd                                       0x20000054   Data           4  motion.o(.data)
    flag                                     0x20000058   Data           1  motion.o(.data)
    uart1                                    0x20000064   Data           8  usart.o(.data)
    uart2                                    0x2000006c   Data           8  usart.o(.data)
    uart3                                    0x20000074   Data           8  usart.o(.data)
    SystemCoreClock                          0x2000007c   Data           4  system_stm32f4xx.o(.data)
    AHBPrescTable                            0x20000080   Data          16  system_stm32f4xx.o(.data)
    rt_interrupt_nest                        0x200000a8   Data           1  irq.o(.data)
    rt_assert_hook                           0x200000b4   Data           4  kservice.o(.data)
    rt_object_container                      0x200000d8   Data         144  object.o(.data)
    rt_object_trytake_hook                   0x20000170   Data           4  object.o(.data)
    rt_object_take_hook                      0x20000174   Data           4  object.o(.data)
    rt_object_put_hook                       0x20000178   Data           4  object.o(.data)
    rt_current_thread                        0x20000180   Data           4  scheduler.o(.data)
    rt_current_priority                      0x20000184   Data           1  scheduler.o(.data)
    rt_thread_ready_priority_group           0x20000188   Data           4  scheduler.o(.data)
    rt_thread_defunct                        0x2000018c   Data           8  scheduler.o(.data)
    rt_interrupt_from_thread                 0x200001a8   Data           4  cpuport.o(.data)
    rt_interrupt_to_thread                   0x200001ac   Data           4  cpuport.o(.data)
    rt_thread_switch_interrupt_flag          0x200001b0   Data           4  cpuport.o(.data)
    CAN_Time_Out                             0x200001b8   Data           4  can.o(.data)
    can_tx_success_flag                      0x200001bc   Data           1  can.o(.data)
    Real_Current_Value                       0x200001be   Data           8  can.o(.data)
    Real_Velocity_Value                      0x200001c6   Data           8  can.o(.data)
    Real_Online                              0x200001ce   Data           4  can.o(.data)
    Real_Ctl1_Value                          0x200001d2   Data           4  can.o(.data)
    Real_Ctl2_Value                          0x200001d6   Data           4  can.o(.data)
    shell                                    0x200001dc   Data           4  shell.o(.data)
    _syscall_table_begin                     0x200001e0   Data           4  symbol.o(.data)
    _syscall_table_end                       0x200001e4   Data           4  symbol.o(.data)
    _sysvar_table_begin                      0x200001e8   Data           4  symbol.o(.data)
    _sysvar_table_end                        0x200001ec   Data           4  symbol.o(.data)
    finsh_compile_sp                         0x200001f4   Data           4  finsh_compiler.o(.data)
    finsh_compile_pc                         0x200001f8   Data           4  finsh_compiler.o(.data)
    global_errno                             0x200001fc   Data           1  finsh_error.o(.data)
    global_sysvar_list                       0x20000244   Data           4  finsh_var.o(.data)
    finsh_sp                                 0x20000248   Data           4  finsh_vm.o(.data)
    finsh_pc                                 0x2000024c   Data           4  finsh_vm.o(.data)
    global_syscall_list                      0x20000250   Data           4  finsh_vm.o(.data)
    Parameter                                0x20000258   Data           2  encode.o(.data)
    serial1                                  0x20000490   Data          84  usart.o(.bss)
    serial2                                  0x200004e4   Data          84  usart.o(.bss)
    serial3                                  0x20000538   Data          84  usart.o(.bss)
    rt_thread_priority_table                 0x20000b4c   Data         256  scheduler.o(.bss)
    Real_Position_Value                      0x20000c90   Data          16  can.o(.bss)
    finsh_heap                               0x200015a4   Data         128  finsh_heap.o(.bss)
    global_node_table                        0x20001624   Data         320  finsh_node.o(.bss)
    global_variable                          0x20001764   Data         192  finsh_var.o(.bss)
    finsh_vm_stack                           0x20001824   Data         256  finsh_vm.o(.bss)
    text_segment                             0x20001924   Data         128  finsh_vm.o(.bss)
    __libspace_start                         0x200019d0   Data          96  libspace.o(.bss)
    __temporary_stack_top$libspace           0x20001a30   Data           0  libspace.o(.bss)
    Image$$RW_IRAM1$$ZI$$Limit               0x20002030   Number         0  anon$$obj.o ABSOLUTE



==============================================================================

Memory Map of the image

  Image Entry point : 0x08000189

  Load Region LR_IROM1 (Base: 0x08000000, Size: 0x000183b0, Max: 0x00080000, ABSOLUTE, COMPRESSED[0x00018204])

    Execution Region ER_IROM1 (Base: 0x08000000, Size: 0x00018154, Max: 0x00080000, ABSOLUTE)

    Base Addr    Size         Type   Attr      Idx    E Section Name        Object

    0x08000000   0x00000188   Data   RO          982    RESET               startup_stm32f4xx.o
    0x08000188   0x00000008   Code   RO         1960  * !!!main             c_w.l(__main.o)
    0x08000190   0x00000034   Code   RO         2183    !!!scatter          c_w.l(__scatter.o)
    0x080001c4   0x0000005a   Code   RO         2181    !!dczerorl2         c_w.l(__dczerorl2.o)
    0x0800021e   0x00000002   PAD
    0x08000220   0x0000001c   Code   RO         2185    !!handler_zi        c_w.l(__scatter_zi.o)
    0x0800023c   0x00000002   Code   RO         2055    .ARM.Collect$$libinit$$00000000  c_w.l(libinit.o)
    0x0800023e   0x00000004   Code   RO         2056    .ARM.Collect$$libinit$$00000001  c_w.l(libinit2.o)
    0x08000242   0x00000000   Code   RO         2059    .ARM.Collect$$libinit$$00000004  c_w.l(libinit2.o)
    0x08000242   0x00000000   Code   RO         2062    .ARM.Collect$$libinit$$0000000A  c_w.l(libinit2.o)
    0x08000242   0x00000000   Code   RO         2064    .ARM.Collect$$libinit$$0000000C  c_w.l(libinit2.o)
    0x08000242   0x00000000   Code   RO         2066    .ARM.Collect$$libinit$$0000000E  c_w.l(libinit2.o)
    0x08000242   0x00000006   Code   RO         2067    .ARM.Collect$$libinit$$0000000F  c_w.l(libinit2.o)
    0x08000248   0x00000000   Code   RO         2069    .ARM.Collect$$libinit$$00000011  c_w.l(libinit2.o)
    0x08000248   0x0000000c   Code   RO         2070    .ARM.Collect$$libinit$$00000012  c_w.l(libinit2.o)
    0x08000254   0x00000000   Code   RO         2071    .ARM.Collect$$libinit$$00000013  c_w.l(libinit2.o)
    0x08000254   0x00000000   Code   RO         2073    .ARM.Collect$$libinit$$00000015  c_w.l(libinit2.o)
    0x08000254   0x00000000   Code   RO         2075    .ARM.Collect$$libinit$$00000017  c_w.l(libinit2.o)
    0x08000254   0x00000000   Code   RO         2077    .ARM.Collect$$libinit$$00000019  c_w.l(libinit2.o)
    0x08000254   0x00000000   Code   RO         2079    .ARM.Collect$$libinit$$0000001B  c_w.l(libinit2.o)
    0x08000254   0x00000000   Code   RO         2081    .ARM.Collect$$libinit$$0000001D  c_w.l(libinit2.o)
    0x08000254   0x00000000   Code   RO         2083    .ARM.Collect$$libinit$$0000001F  c_w.l(libinit2.o)
    0x08000254   0x00000000   Code   RO         2085    .ARM.Collect$$libinit$$00000021  c_w.l(libinit2.o)
    0x08000254   0x00000000   Code   RO         2087    .ARM.Collect$$libinit$$00000023  c_w.l(libinit2.o)
    0x08000254   0x00000000   Code   RO         2089    .ARM.Collect$$libinit$$00000025  c_w.l(libinit2.o)
    0x08000254   0x00000000   Code   RO         2093    .ARM.Collect$$libinit$$0000002C  c_w.l(libinit2.o)
    0x08000254   0x00000000   Code   RO         2095    .ARM.Collect$$libinit$$0000002E  c_w.l(libinit2.o)
    0x08000254   0x00000000   Code   RO         2097    .ARM.Collect$$libinit$$00000030  c_w.l(libinit2.o)
    0x08000254   0x00000000   Code   RO         2099    .ARM.Collect$$libinit$$00000032  c_w.l(libinit2.o)
    0x08000254   0x00000002   Code   RO         2100    .ARM.Collect$$libinit$$00000033  c_w.l(libinit2.o)
    0x08000256   0x00000002   Code   RO         2130    .ARM.Collect$$libshutdown$$00000000  c_w.l(libshutdown.o)
    0x08000258   0x00000000   Code   RO         2142    .ARM.Collect$$libshutdown$$00000003  c_w.l(libshutdown2.o)
    0x08000258   0x00000000   Code   RO         2145    .ARM.Collect$$libshutdown$$00000006  c_w.l(libshutdown2.o)
    0x08000258   0x00000000   Code   RO         2148    .ARM.Collect$$libshutdown$$00000009  c_w.l(libshutdown2.o)
    0x08000258   0x00000000   Code   RO         2150    .ARM.Collect$$libshutdown$$0000000B  c_w.l(libshutdown2.o)
    0x08000258   0x00000000   Code   RO         2153    .ARM.Collect$$libshutdown$$0000000E  c_w.l(libshutdown2.o)
    0x08000258   0x00000002   Code   RO         2154    .ARM.Collect$$libshutdown$$0000000F  c_w.l(libshutdown2.o)
    0x0800025a   0x00000000   Code   RO         1992    .ARM.Collect$$rtentry$$00000000  c_w.l(__rtentry.o)
    0x0800025a   0x00000000   Code   RO         2020    .ARM.Collect$$rtentry$$00000002  c_w.l(__rtentry2.o)
    0x0800025a   0x00000006   Code   RO         2032    .ARM.Collect$$rtentry$$00000004  c_w.l(__rtentry4.o)
    0x08000260   0x00000000   Code   RO         2022    .ARM.Collect$$rtentry$$00000009  c_w.l(__rtentry2.o)
    0x08000260   0x00000004   Code   RO         2023    .ARM.Collect$$rtentry$$0000000A  c_w.l(__rtentry2.o)
    0x08000264   0x00000000   Code   RO         2025    .ARM.Collect$$rtentry$$0000000C  c_w.l(__rtentry2.o)
    0x08000264   0x00000008   Code   RO         2026    .ARM.Collect$$rtentry$$0000000D  c_w.l(__rtentry2.o)
    0x0800026c   0x00000002   Code   RO         2101    .ARM.Collect$$rtexit$$00000000  c_w.l(rtexit.o)
    0x0800026e   0x00000000   Code   RO         2108    .ARM.Collect$$rtexit$$00000002  c_w.l(rtexit2.o)
    0x0800026e   0x00000004   Code   RO         2109    .ARM.Collect$$rtexit$$00000003  c_w.l(rtexit2.o)
    0x08000272   0x00000006   Code   RO         2110    .ARM.Collect$$rtexit$$00000004  c_w.l(rtexit2.o)
    0x08000278   0x000000b8   Code   RO            2    .text               application.o
    0x08000330   0x00000110   Code   RO          189    .text               cpuusage.o
    0x08000440   0x000000cc   Code   RO          220    .text               startup.o
    0x0800050c   0x00000480   Code   RO          237    .text               pid.o
    0x0800098c   0x000004a4   Code   RO          264    .text               motion.o
    0x08000e30   0x000000bc   Code   RO          295    .text               board.o
    0x08000eec   0x00000010   Code   RO          321    .text               stm32f4xx_it.o
    0x08000efc   0x000003dc   Code   RO          337    .text               usart.o
    0x080012d8   0x0000010c   Code   RO          374    .text               gpio.o
    0x080013e4   0x00000334   Code   RO          392    .text               stm32f4_rtc.o
    0x08001718   0x00000154   Code   RO          423    .text               drv_hwtimer.o
    0x0800186c   0x00000210   Code   RO          461    .text               system_stm32f4xx.o
    0x08001a7c   0x000001ec   Code   RO          483    .text               misc.o
    0x08001c68   0x00001134   Code   RO          515    .text               stm32f4xx_can.o
    0x08002d9c   0x00000916   Code   RO          723    .text               stm32f4xx_gpio.o
    0x080036b2   0x00000002   PAD
    0x080036b4   0x00000244   Code   RO          819    .text               stm32f4xx_pwr.o
    0x080038f8   0x00000d7c   Code   RO          835    .text               stm32f4xx_rcc.o
    0x08004674   0x00001788   Code   RO          869    .text               stm32f4xx_rtc.o
    0x08005dfc   0x00003294   Code   RO          933    .text               stm32f4xx_tim.o
    0x08009090   0x00000eb4   Code   RO          949    .text               stm32f4xx_usart.o
    0x08009f44   0x00000040   Code   RO          983    .text               startup_stm32f4xx.o
    0x08009f84   0x00000060   Code   RO          987    .text               clock.o
    0x08009fe4   0x00000324   Code   RO         1001    .text               device.o
    0x0800a308   0x00000134   Code   RO         1015    .text               idle.o
    0x0800a43c   0x00001654   Code   RO         1035    .text               ipc.o
    0x0800ba90   0x00000048   Code   RO         1052    .text               irq.o
    0x0800bad8   0x00000a4c   Code   RO         1067    .text               kservice.o
    0x0800c524   0x00000874   Code   RO         1087    .text               mem.o
    0x0800cd98   0x000002dc   Code   RO         1125    .text               object.o
    0x0800d074   0x000002e0   Code   RO         1144    .text               scheduler.o
    0x0800d354   0x0000059c   Code   RO         1165    .text               thread.o
    0x0800d8f0   0x0000045c   Code   RO         1182    .text               timer.o
    0x0800dd4c   0x00000190   Code   RO         1201    .text               cpuport.o
    0x0800dedc   0x0000010c   Code   RO         1217    .text               context_rvds.o
    0x0800dfe8   0x000001a8   Code   RO         1255    .text               pin.o
    0x0800e190   0x00000884   Code   RO         1273    .text               serial.o
    0x0800ea14   0x000001c8   Code   RO         1286    .text               completion.o
    0x0800ebdc   0x00000414   Code   RO         1302    .text               dataqueue.o
    0x0800eff0   0x000004d4   Code   RO         1388    .text               hwtimer.o
    0x0800f4c4   0x00000bf8   Code   RO         1402    .text               can.o
    0x080100bc   0x00000a78   Code   RO         1424    .text               shell.o
    0x08010b34   0x00000bc4   Code   RO         1461    .text               cmd.o
    0x080116f8   0x00001818   Code   RO         1485    .text               finsh_compiler.o
    0x08012f10   0x0000002c   Code   RO         1522    .text               finsh_error.o
    0x08012f3c   0x00000210   Code   RO         1538    .text               finsh_heap.o
    0x0801314c   0x00000058   Code   RO         1554    .text               finsh_init.o
    0x080131a4   0x00000184   Code   RO         1572    .text               finsh_node.o
    0x08013328   0x00000adc   Code   RO         1587    .text               finsh_ops.o
    0x08013e04   0x0000097c   Code   RO         1605    .text               finsh_parser.o
    0x08014780   0x0000019c   Code   RO         1620    .text               finsh_var.o
    0x0801491c   0x000000e4   Code   RO         1643    .text               finsh_vm.o
    0x08014a00   0x00000680   Code   RO         1670    .text               finsh_token.o
    0x08015080   0x00000330   Code   RO         1685    .text               msh.o
    0x080153b0   0x00000022   Code   RO         1703    .text               msh_cmd.o
    0x080153d2   0x00000064   Code   RO         1726    .text               delay.o
    0x08015436   0x00000002   PAD
    0x08015438   0x0000016c   Code   RO         1745    .text               encode.o
    0x080155a4   0x000000e4   Code   RO         1787    .text               led.o
    0x08015688   0x000000ec   Code   RO         1899    .text               bsp_dac8562_f407.o
    0x08015774   0x0000001a   Code   RO         1929    .text               c_w.l(atoi.o)
    0x0801578e   0x00000070   Code   RO         1931    .text               c_w.l(strtol.o)
    0x080157fe   0x00000048   Code   RO         1933    .text               c_w.l(strcpy.o)
    0x08015846   0x0000003e   Code   RO         1935    .text               c_w.l(strlen.o)
    0x08015884   0x00000096   Code   RO         1937    .text               c_w.l(strncmp.o)
    0x0801591a   0x00000018   Code   RO         1939    .text               c_w.l(strcat.o)
    0x08015932   0x0000008a   Code   RO         1941    .text               c_w.l(rt_memcpy_v6.o)
    0x080159bc   0x00000064   Code   RO         1943    .text               c_w.l(rt_memcpy_w.o)
    0x08015a20   0x00000044   Code   RO         1945    .text               c_w.l(rt_memclr.o)
    0x08015a64   0x0000004e   Code   RO         1947    .text               c_w.l(rt_memclr_w.o)
    0x08015ab2   0x00000056   Code   RO         1949    .text               c_w.l(strncpy.o)
    0x08015b08   0x00000080   Code   RO         1951    .text               c_w.l(strcmpv7m.o)
    0x08015b88   0x0000000c   Code   RO         1953    .text               c_w.l(localtime.o)
    0x08015b94   0x000001a8   Code   RO         1956    .text               c_w.l(mktime.o)
    0x08015d3c   0x00000006   Code   RO         1958    .text               c_w.l(heapauxi.o)
    0x08015d42   0x00000002   PAD
    0x08015d44   0x00000010   Code   RO         1993    .text               c_w.l(rt_ctype_table.o)
    0x08015d54   0x00000008   Code   RO         1998    .text               c_w.l(rt_errno_addr_intlibspace.o)
    0x08015d5c   0x0000009e   Code   RO         2000    .text               c_w.l(_strtoul.o)
    0x08015dfa   0x00000002   PAD
    0x08015dfc   0x000000b8   Code   RO         2003    .text               c_w.l(localtime_internal.o)
    0x08015eb4   0x00000008   Code   RO         2016    .text               c_w.l(libspace.o)
    0x08015ebc   0x00000008   Code   RO         2037    .text               c_w.l(rt_locale_intlibspace.o)
    0x08015ec4   0x0000001c   Code   RO         2039    .text               c_w.l(_chval.o)
    0x08015ee0   0x0000004a   Code   RO         2046    .text               c_w.l(sys_stackheap_outer.o)
    0x08015f2a   0x0000000c   Code   RO         2048    .text               c_w.l(exit.o)
    0x08015f36   0x00000002   PAD
    0x08015f38   0x0000000c   Code   RO         2120    .text               c_w.l(sys_exit.o)
    0x08015f44   0x00000002   Code   RO         2131    .text               c_w.l(use_no_semi.o)
    0x08015f46   0x00000000   Code   RO         2133    .text               c_w.l(indicate_semi.o)
    0x08015f46   0x00000014   Code   RO         1986    i.__hardfp_fabs     m_wm.l(fabs.o)
    0x08015f5a   0x00000002   PAD
    0x08015f5c   0x0000002c   Code   RO         2042    locale$$code        c_w.l(lc_ctype_c.o)
    0x08015f88   0x00000062   Code   RO         1962    x$fpl$d2f           fz_wm.l(d2f.o)
    0x08015fea   0x00000002   PAD
    0x08015fec   0x00000150   Code   RO         1964    x$fpl$dadd          fz_wm.l(daddsub_clz.o)
    0x0801613c   0x00000018   Code   RO         2044    x$fpl$dcmpinf       fz_wm.l(dcmpi.o)
    0x08016154   0x0000005a   Code   RO         1970    x$fpl$dfixu         fz_wm.l(dfixu.o)
    0x080161ae   0x0000002e   Code   RO         1975    x$fpl$dflt          fz_wm.l(dflt_clz.o)
    0x080161dc   0x00000078   Code   RO         2005    x$fpl$dleqf         fz_wm.l(dleqf.o)
    0x08016254   0x00000154   Code   RO         1980    x$fpl$dmul          fz_wm.l(dmul.o)
    0x080163a8   0x0000009c   Code   RO         2007    x$fpl$dnaninf       fz_wm.l(dnaninf.o)
    0x08016444   0x0000000c   Code   RO         2009    x$fpl$dretinf       fz_wm.l(dretinf.o)
    0x08016450   0x0000006c   Code   RO         1982    x$fpl$drleqf        fz_wm.l(drleqf.o)
    0x080164bc   0x000001d4   Code   RO         1966    x$fpl$dsub          fz_wm.l(daddsub_clz.o)
    0x08016690   0x00000056   Code   RO         1984    x$fpl$f2d           fz_wm.l(f2d.o)
    0x080166e6   0x0000008c   Code   RO         2011    x$fpl$fnaninf       fz_wm.l(fnaninf.o)
    0x08016772   0x0000000a   Code   RO         2105    x$fpl$fpinit        fz_wm.l(fpinit.o)
    0x0801677c   0x0000000a   Code   RO         2013    x$fpl$fretinf       fz_wm.l(fretinf.o)
    0x08016786   0x00000000   Code   RO         2015    x$fpl$usenofp       fz_wm.l(usenofp.o)
    0x08016786   0x00000002   PAD
    0x08016788   0x00000050   Data   RO          339    .constdata          usart.o
    0x080167d8   0x0000036c   Data   RO          375    .constdata          gpio.o
    0x08016b44   0x0000000f   Data   RO          394    .constdata          stm32f4_rtc.o
    0x08016b53   0x00000001   PAD
    0x08016b54   0x00000024   Data   RO          425    .constdata          drv_hwtimer.o
    0x08016b78   0x000000a8   Data   RO         1002    .constdata          device.o
    0x08016c20   0x00000016   Data   RO         1017    .constdata          idle.o
    0x08016c36   0x000001d7   Data   RO         1036    .constdata          ipc.o
    0x08016e0d   0x00000122   Data   RO         1069    .constdata          kservice.o
    0x08016f2f   0x00000046   Data   RO         1089    .constdata          mem.o
    0x08016f75   0x0000005e   Data   RO         1126    .constdata          object.o
    0x08016fd3   0x0000004e   Data   RO         1146    .constdata          scheduler.o
    0x08017021   0x000000aa   Data   RO         1166    .constdata          thread.o
    0x080170cb   0x0000005c   Data   RO         1183    .constdata          timer.o
    0x08017127   0x00000013   Data   RO         1202    .constdata          cpuport.o
    0x0801713a   0x00000047   Data   RO         1257    .constdata          pin.o
    0x08017181   0x000000d3   Data   RO         1274    .constdata          serial.o
    0x08017254   0x00000039   Data   RO         1287    .constdata          completion.o
    0x0801728d   0x0000004b   Data   RO         1303    .constdata          dataqueue.o
    0x080172d8   0x00000031   Data   RO         1389    .constdata          hwtimer.o
    0x08017309   0x00000060   Data   RO         1426    .constdata          shell.o
    0x08017369   0x00000003   PAD
    0x0801736c   0x00000050   Data   RO         1462    .constdata          cmd.o
    0x080173bc   0x000000c4   Data   RO         1588    .constdata          finsh_ops.o
    0x08017480   0x00000040   Data   RO         1671    .constdata          finsh_token.o
    0x080174c0   0x0000000e   Data   RO         1686    .constdata          msh.o
    0x080174ce   0x0000000c   Data   RO         2002    .constdata          c_w.l(_monlen.o)
    0x080174da   0x00000002   PAD
    0x080174dc   0x000000ed   Data   RO         1090    .conststring        mem.o
    0x080175c9   0x00000003   PAD
    0x080175cc   0x000001ad   Data   RO         1463    .conststring        cmd.o
    0x08017779   0x00000003   PAD
    0x0801777c   0x000000f3   Data   RO         1523    .conststring        finsh_error.o
    0x0801786f   0x00000001   PAD
    0x08017870   0x0000003e   Data   RO         1672    .conststring        finsh_token.o
    0x080178ae   0x0000002f   Data   RO          191    .rodata.name        cpuusage.o
    0x080178dd   0x00000068   Data   RO          267    .rodata.name        motion.o
    0x08017945   0x0000001d   Data   RO          395    .rodata.name        stm32f4_rtc.o
    0x08017962   0x00000027   Data   RO         1092    .rodata.name        mem.o
    0x08017989   0x00000069   Data   RO         1258    .rodata.name        pin.o
    0x080179f2   0x0000034e   Data   RO         1465    .rodata.name        cmd.o
    0x08017d40   0x00000061   Data   RO         1688    .rodata.name        msh.o
    0x08017da1   0x0000007b   Data   RO         1704    .rodata.name        msh_cmd.o
    0x08017e1c   0x00000024   Data   RO         1789    .rodata.name        led.o
    0x08017e40   0x0000000c   Data   RO          192    FSymTab             cpuusage.o
    0x08017e4c   0x00000030   Data   RO          268    FSymTab             motion.o
    0x08017e7c   0x0000000c   Data   RO          396    FSymTab             stm32f4_rtc.o
    0x08017e88   0x0000000c   Data   RO         1093    FSymTab             mem.o
    0x08017e94   0x00000024   Data   RO         1259    FSymTab             pin.o
    0x08017eb8   0x00000108   Data   RO         1466    FSymTab             cmd.o
    0x08017fc0   0x00000024   Data   RO         1689    FSymTab             msh.o
    0x08017fe4   0x00000024   Data   RO         1705    FSymTab             msh_cmd.o
    0x08018008   0x0000000c   Data   RO         1790    FSymTab             led.o
    0x08018014   0x00000020   Data   RO         2179    Region$$Table       anon$$obj.o
    0x08018034   0x00000010   Data   RO         1467    VSymTab             cmd.o
    0x08018044   0x00000110   Data   RO         2041    locale$$data        c_w.l(lc_ctype_c.o)


    Execution Region RW_IRAM1 (Base: 0x20000000, Size: 0x00002030, Max: 0x00020000, ABSOLUTE, COMPRESSED[0x000000b0])

    Base Addr    Size         Type   Attr      Idx    E Section Name        Object

    0x20000000   0x00000008   Data   RW          190    .data               cpuusage.o
    0x20000008   0x0000003c   Data   RW          238    .data               pid.o
    0x20000044   0x00000020   Data   RW          266    .data               motion.o
    0x20000064   0x00000018   Data   RW          340    .data               usart.o
    0x2000007c   0x00000014   Data   RW          462    .data               system_stm32f4xx.o
    0x20000090   0x00000010   Data   RW          836    .data               stm32f4xx_rcc.o
    0x200000a0   0x00000004   Data   RW          988    .data               clock.o
    0x200000a4   0x00000004   Data   RW         1018    .data               idle.o
    0x200000a8   0x00000001   Data   RW         1053    .data               irq.o
    0x200000a9   0x00000003   PAD
    0x200000ac   0x0000000c   Data   RW         1070    .data               kservice.o
    0x200000b8   0x00000020   Data   RW         1091    .data               mem.o
    0x200000d8   0x000000a4   Data   RW         1127    .data               object.o
    0x2000017c   0x0000001c   Data   RW         1147    .data               scheduler.o
    0x20000198   0x00000010   Data   RW         1184    .data               timer.o
    0x200001a8   0x00000010   Data   RW         1203    .data               cpuport.o
    0x200001b8   0x00000022   Data   RW         1404    .data               can.o
    0x200001da   0x00000002   PAD
    0x200001dc   0x00000004   Data   RW         1427    .data               shell.o
    0x200001e0   0x00000010   Data   RW         1448    .data               symbol.o
    0x200001f0   0x00000004   Data   RW         1464    .data               cmd.o
    0x200001f4   0x00000008   Data   RW         1486    .data               finsh_compiler.o
    0x200001fc   0x00000040   Data   RW         1524    .data               finsh_error.o
    0x2000023c   0x00000008   Data   RW         1540    .data               finsh_heap.o
    0x20000244   0x00000004   Data   RW         1622    .data               finsh_var.o
    0x20000248   0x0000000c   Data   RW         1645    .data               finsh_vm.o
    0x20000254   0x00000004   Data   RW         1687    .data               msh.o
    0x20000258   0x00000002   Data   RW         1746    .data               encode.o
    0x2000025a   0x00000001   Data   RW         1788    .data               led.o
    0x2000025b   0x00000001   PAD
    0x2000025c   0x00000234   Zero   RW          265    .bss                motion.o
    0x20000490   0x000000fc   Zero   RW          338    .bss                usart.o
    0x2000058c   0x00000040   Zero   RW          393    .bss                stm32f4_rtc.o
    0x200005cc   0x00000060   Zero   RW          424    .bss                drv_hwtimer.o
    0x2000062c   0x00000480   Zero   RW         1016    .bss                idle.o
    0x20000aac   0x00000080   Zero   RW         1068    .bss                kservice.o
    0x20000b2c   0x00000020   Zero   RW         1088    .bss                mem.o
    0x20000b4c   0x00000100   Zero   RW         1145    .bss                scheduler.o
    0x20000c4c   0x00000044   Zero   RW         1256    .bss                pin.o
    0x20000c90   0x00000010   Zero   RW         1403    .bss                can.o
    0x20000ca0   0x00000901   Zero   RW         1425    .bss                shell.o
    0x200015a1   0x00000003   PAD
    0x200015a4   0x00000080   Zero   RW         1539    .bss                finsh_heap.o
    0x20001624   0x00000140   Zero   RW         1573    .bss                finsh_node.o
    0x20001764   0x000000c0   Zero   RW         1621    .bss                finsh_var.o
    0x20001824   0x00000180   Zero   RW         1644    .bss                finsh_vm.o
    0x200019a4   0x0000002c   Zero   RW         1954    .bss                c_w.l(localtime.o)
    0x200019d0   0x00000060   Zero   RW         2017    .bss                c_w.l(libspace.o)
    0x20001a30   0x00000200   Zero   RW          981    HEAP                startup_stm32f4xx.o
    0x20001c30   0x00000400   Zero   RW          980    STACK               startup_stm32f4xx.o


==============================================================================

Image component sizes


      Code (inc. data)   RO Data    RW Data    ZI Data      Debug   Object Name

       184          0          0          0          0     292248   application.o
       188         16          0          0          0      19335   board.o
       236         20          0          0          0       1103   bsp_dac8562_f407.o
      3064         76          0         34         16       9309   can.o
        96          4          0          4          0       1604   clock.o
      3012       1244       1635          4          0      12799   cmd.o
       456        124         57          0          0       2931   completion.o
       268         24          0          0          0        824   context_rvds.o
       400        188         19         16          0       3747   cpuport.o
       272         48         59          8          0       7569   cpuusage.o
      1044        114         75          0          0       6293   dataqueue.o
       100          0          0          0          0        817   delay.o
       804        132        168          0          0       4725   device.o
       340         22         36          0         96       2717   drv_hwtimer.o
       364         20          0          2          0       1306   encode.o
      6168        154          0          8          0      11118   finsh_compiler.o
        44         10        243         64          0       1745   finsh_error.o
       528         18          0          8        128       3435   finsh_heap.o
        88          6          0          0          0       1684   finsh_init.o
       388          4          0          0        320       3436   finsh_node.o
      2780         36        196          0          0       8936   finsh_ops.o
      2428         32          0          0          0       9589   finsh_parser.o
      1664         16        126          0          0       6100   finsh_token.o
       412         18          0          4        192       7561   finsh_var.o
       228         34          0         12        384       7246   finsh_vm.o
       268         12        876          0          0       2462   gpio.o
      1236        110         49          0          0       4347   hwtimer.o
       308         74         22          4       1152       2951   idle.o
      5716        422        471          0          0      19259   ipc.o
        72          6          0          1          0       1450   irq.o
      2636        230        290         12        128      11672   kservice.o
       228         10         48          1          0       1849   led.o
      2164        560        358         32         32       5507   mem.o
       492         74          0          0          0       2069   misc.o
      1188        230        152         32        564       5119   motion.o
       816        106        147          4          0       4775   msh.o
        34          0        159          0          0       2295   msh_cmd.o
       732        150         94        164          0       5740   object.o
      1152         60          0         60          0       3548   pid.o
       424         82        212          0         68       3876   pin.o
       736        150         78         28        256       4797   scheduler.o
      2180        314        211          0          0       7521   serial.o
      2680        296         96          4       2305       6296   shell.o
       204         98          0          0          0       1407   startup.o
        64         26        392          0       1536        900   startup_stm32f4xx.o
       820        192         56          0         64       4112   stm32f4_rtc.o
      4404        166          0          0          0       9208   stm32f4xx_can.o
      2326        132          0          0          0       5249   stm32f4xx_gpio.o
        16          0          0          0          0        844   stm32f4xx_it.o
       580         74          0          0          0       2840   stm32f4xx_pwr.o
      3452        262          0         16          0      12963   stm32f4xx_rcc.o
      6024        114          0          0          0      16792   stm32f4xx_rtc.o
     12948        670          0          0          0      29276   stm32f4xx_tim.o
      3764        164          0          0          0       9620   stm32f4xx_usart.o
         0          0          0         16          0       4465   symbol.o
       528         46          0         20          0       2047   system_stm32f4xx.o
      1436        208        170          0          0       7413   thread.o
      1116        100         92         16          0       6739   timer.o
       988        120         80         24        252      29483   usart.o

    ----------------------------------------------------------------------
     87292       7618       6710        604       7496     667068   Object Totals
         0          0         32          0          0          0   (incl. Generated)
         4          0         11          6          3          0   (incl. Padding)

    ----------------------------------------------------------------------

      Code (inc. data)   RO Data    RW Data    ZI Data      Debug   Library Member Name

        90          0          0          0          0          0   __dczerorl2.o
         8          0          0          0          0         68   __main.o
         0          0          0          0          0          0   __rtentry.o
        12          0          0          0          0          0   __rtentry2.o
         6          0          0          0          0          0   __rtentry4.o
        52          8          0          0          0          0   __scatter.o
        28          0          0          0          0          0   __scatter_zi.o
        28          0          0          0          0         68   _chval.o
         0          0         12          0          0          0   _monlen.o
       158          0          0          0          0         92   _strtoul.o
        26          0          0          0          0         80   atoi.o
        12          0          0          0          0         72   exit.o
         6          0          0          0          0        152   heapauxi.o
         0          0          0          0          0          0   indicate_semi.o
        44         10        272          0          0         76   lc_ctype_c.o
         2          0          0          0          0          0   libinit.o
        24          0          0          0          0          0   libinit2.o
         2          0          0          0          0          0   libshutdown.o
         2          0          0          0          0          0   libshutdown2.o
         8          4          0          0         96         68   libspace.o
        12          6          0          0         44         68   localtime.o
       184          6          0          0          0         80   localtime_internal.o
       424         10          0          0          0        124   mktime.o
        16          4          0          0          0         76   rt_ctype_table.o
         8          4          0          0          0         68   rt_errno_addr_intlibspace.o
         8          4          0          0          0         68   rt_locale_intlibspace.o
        68          0          0          0          0         68   rt_memclr.o
        78          0          0          0          0         80   rt_memclr_w.o
       138          0          0          0          0         68   rt_memcpy_v6.o
       100          0          0          0          0         80   rt_memcpy_w.o
         2          0          0          0          0          0   rtexit.o
        10          0          0          0          0          0   rtexit2.o
        24          0          0          0          0         68   strcat.o
       128          0          0          0          0         68   strcmpv7m.o
        72          0          0          0          0         80   strcpy.o
        62          0          0          0          0         76   strlen.o
       150          0          0          0          0         80   strncmp.o
        86          0          0          0          0         76   strncpy.o
       112          0          0          0          0         88   strtol.o
        12          4          0          0          0         68   sys_exit.o
        74          0          0          0          0         80   sys_stackheap_outer.o
         2          0          0          0          0         68   use_no_semi.o
        98          4          0          0          0        140   d2f.o
       804         16          0          0          0        368   daddsub_clz.o
        24          0          0          0          0        116   dcmpi.o
        90          4          0          0          0        140   dfixu.o
        46          0          0          0          0        116   dflt_clz.o
       120          4          0          0          0        140   dleqf.o
       340         12          0          0          0        152   dmul.o
       156          4          0          0          0        140   dnaninf.o
        12          0          0          0          0        116   dretinf.o
       108          0          0          0          0        128   drleqf.o
        86          4          0          0          0        132   f2d.o
       140          4          0          0          0        132   fnaninf.o
        10          0          0          0          0        116   fpinit.o
        10          0          0          0          0        116   fretinf.o
         0          0          0          0          0          0   usenofp.o
        20          0          0          0          0        124   fabs.o

    ----------------------------------------------------------------------
      4356        112        286          0        140       4384   Library Totals
        14          0          2          0          0          0   (incl. Padding)

    ----------------------------------------------------------------------

      Code (inc. data)   RO Data    RW Data    ZI Data      Debug   Library Name

      2278         60        284          0        140       2208   c_w.l
      2044         52          0          0          0       2052   fz_wm.l
        20          0          0          0          0        124   m_wm.l

    ----------------------------------------------------------------------
      4356        112        286          0        140       4384   Library Totals

    ----------------------------------------------------------------------

==============================================================================


      Code (inc. data)   RO Data    RW Data    ZI Data      Debug   

     91648       7730       6996        604       7636     659004   Grand Totals
     91648       7730       6996        176       7636     659004   ELF Image Totals (compressed)
     91648       7730       6996        176          0          0   ROM Totals

==============================================================================

    Total RO  Size (Code + RO Data)                98644 (  96.33kB)
    Total RW  Size (RW Data + ZI Data)              8240 (   8.05kB)
    Total ROM Size (Code + RO Data + RW Data)      98820 (  96.50kB)

==============================================================================

